This is pdfTeX, Version 3.141592653-2.6-1.40.27 (TeX Live 2025/nixos.org) (preloaded format=pdflatex 1980.1.1)  1 OCT 2026 23:34
entering extended mode
 restricted \write18 enabled.
 file:line:error style messages enabled.
 %&-line parsing enabled.
**/home/maniacalm/bin/VQVAE_studies/run_data/exp7/full.tex
(/home/maniacalm/bin/VQVAE_studies/run_data/exp7/full.tex
LaTeX2e <2025-11-01>
L3 programming layer <2026-01-19>
(/nix/store/gnzyg3c8dsj6zwii6j7whjhbjlimkxmv-texlive-2025-r78234-final-env-texmfdist/tex/latex/base/article.cls
Document Class: article 2025/01/22 v1.4n Standard LaTeX document class
(/nix/store/gnzyg3c8dsj6zwii6j7whjhbjlimkxmv-texlive-2025-r78234-final-env-texmfdist/tex/latex/base/size10.clo
File: size10.clo 2025/01/22 v1.4n Standard LaTeX file (size option)
)
\c@part=\count275
\c@section=\count276
\c@subsection=\count277
\c@subsubsection=\count278
\c@paragraph=\count279
\c@subparagraph=\count280
\c@figure=\count281
\c@table=\count282
\abovecaptionskip=\skip49
\belowcaptionskip=\skip50
\bibindent=\dimen148
) (/nix/store/gnzyg3c8dsj6zwii6j7whjhbjlimkxmv-texlive-2025-r78234-final-env-texmfdist/tex/latex/base/fontenc.sty
Package: fontenc 2025/07/18 v2.1d Standard LaTeX package
) (/nix/store/gnzyg3c8dsj6zwii6j7whjhbjlimkxmv-texlive-2025-r78234-final-env-texmfdist/tex/latex/base/inputenc.sty
Package: inputenc 2024/02/08 v1.3d Input encoding file
\inpenc@prehook=\toks17
\inpenc@posthook=\toks18
) (/nix/store/gnzyg3c8dsj6zwii6j7whjhbjlimkxmv-texlive-2025-r78234-final-env-texmfdist/tex/latex/lm/lmodern.sty
Package: lmodern 2015/05/01 v1.6.1 Latin Modern Fonts
LaTeX Font Info:    Overwriting symbol font `operators' in version `normal'
(Font)                  OT1/cmr/m/n --> OT1/lmr/m/n on input line 22.
LaTeX Font Info:    Overwriting symbol font `letters' in version `normal'
(Font)                  OML/cmm/m/it --> OML/lmm/m/it on input line 23.
LaTeX Font Info:    Overwriting symbol font `symbols' in version `normal'
(Font)                  OMS/cmsy/m/n --> OMS/lmsy/m/n on input line 24.
LaTeX Font Info:    Overwriting symbol font `largesymbols' in version `normal'
(Font)                  OMX/cmex/m/n --> OMX/lmex/m/n on input line 25.
LaTeX Font Info:    Overwriting symbol font `operators' in version `bold'
(Font)                  OT1/cmr/bx/n --> OT1/lmr/bx/n on input line 26.
LaTeX Font Info:    Overwriting symbol font `letters' in version `bold'
(Font)                  OML/cmm/b/it --> OML/lmm/b/it on input line 27.
LaTeX Font Info:    Overwriting symbol font `symbols' in version `bold'
(Font)                  OMS/cmsy/b/n --> OMS/lmsy/b/n on input line 28.
LaTeX Font Info:    Overwriting symbol font `largesymbols' in version `bold'
(Font)                  OMX/cmex/m/n --> OMX/lmex/m/n on input line 29.
LaTeX Font Info:    Overwriting math alphabet `\mathbf' in version `normal'
(Font)                  OT1/cmr/bx/n --> OT1/lmr/bx/n on input line 31.
LaTeX Font Info:    Overwriting math alphabet `\mathsf' in version `normal'
(Font)                  OT1/cmss/m/n --> OT1/lmss/m/n on input line 32.
LaTeX Font Info:    Overwriting math alphabet `\mathit' in version `normal'
(Font)                  OT1/cmr/m/it --> OT1/lmr/m/it on input line 33.
LaTeX Font Info:    Overwriting math alphabet `\mathtt' in version `normal'
(Font)                  OT1/cmtt/m/n --> OT1/lmtt/m/n on input line 34.
LaTeX Font Info:    Overwriting math alphabet `\mathbf' in version `bold'
(Font)                  OT1/cmr/bx/n --> OT1/lmr/bx/n on input line 35.
LaTeX Font Info:    Overwriting math alphabet `\mathsf' in version `bold'
(Font)                  OT1/cmss/bx/n --> OT1/lmss/bx/n on input line 36.
LaTeX Font Info:    Overwriting math alphabet `\mathit' in version `bold'
(Font)                  OT1/cmr/bx/it --> OT1/lmr/bx/it on input line 37.
LaTeX Font Info:    Overwriting math alphabet `\mathtt' in version `bold'
(Font)                  OT1/cmtt/m/n --> OT1/lmtt/m/n on input line 38.
) (/nix/store/gnzyg3c8dsj6zwii6j7whjhbjlimkxmv-texlive-2025-r78234-final-env-texmfdist/tex/latex/base/textcomp.sty
Package: textcomp 2024/04/24 v2.1b Standard LaTeX package
) (/nix/store/gnzyg3c8dsj6zwii6j7whjhbjlimkxmv-texlive-2025-r78234-final-env-texmfdist/tex/latex/lastpage/lastpage.sty
Package: lastpage 2025/08/14 v2.1h lastpage: 2.09 or 2e? (HMM)
 (/nix/store/gnzyg3c8dsj6zwii6j7whjhbjlimkxmv-texlive-2025-r78234-final-env-texmfdist/tex/latex/lastpage/lastpage2e.sty
Package: lastpage2e 2025/08/14 v2.1h Decide which 2e lastpage version to use (HMM)
 (/nix/store/gnzyg3c8dsj6zwii6j7whjhbjlimkxmv-texlive-2025-r78234-final-env-texmfdist/tex/latex/lastpage/lastpagemodern.sty
Package: lastpagemodern 2025-08-14 v2.1h Refers to last page's name (HMM; JPG)
\c@lastpagecount=\count283
) 
)) (/nix/store/gnzyg3c8dsj6zwii6j7whjhbjlimkxmv-texlive-2025-r78234-final-env-texmfdist/tex/latex/geometry/geometry.sty
Package: geometry 2020/01/02 v5.9 Page Geometry
 (/nix/store/gnzyg3c8dsj6zwii6j7whjhbjlimkxmv-texlive-2025-r78234-final-env-texmfdist/tex/latex/graphics/keyval.sty
Package: keyval 2022/05/29 v1.15 key=value parser (DPC)
\KV@toks@=\toks19
) (/nix/store/gnzyg3c8dsj6zwii6j7whjhbjlimkxmv-texlive-2025-r78234-final-env-texmfdist/tex/generic/iftex/ifvtex.sty
Package: ifvtex 2019/10/25 v1.7 ifvtex legacy package. Use iftex instead.
 (/nix/store/gnzyg3c8dsj6zwii6j7whjhbjlimkxmv-texlive-2025-r78234-final-env-texmfdist/tex/generic/iftex/iftex.sty
Package: iftex 2024/12/12 v1.0g TeX engine tests
))
\Gm@cnth=\count284
\Gm@cntv=\count285
\c@Gm@tempcnt=\count286
\Gm@bindingoffset=\dimen149
\Gm@wd@mp=\dimen150
\Gm@odd@mp=\dimen151
\Gm@even@mp=\dimen152
\Gm@layoutwidth=\dimen153
\Gm@layoutheight=\dimen154
\Gm@layouthoffset=\dimen155
\Gm@layoutvoffset=\dimen156
\Gm@dimlist=\toks20
) (/nix/store/gnzyg3c8dsj6zwii6j7whjhbjlimkxmv-texlive-2025-r78234-final-env-texmfdist/tex/latex/graphics/graphicx.sty
Package: graphicx 2024/12/31 v1.2e Enhanced LaTeX Graphics (DPC,SPQR)
 (/nix/store/gnzyg3c8dsj6zwii6j7whjhbjlimkxmv-texlive-2025-r78234-final-env-texmfdist/tex/latex/graphics/graphics.sty
Package: graphics 2024/08/06 v1.4g Standard LaTeX Graphics (DPC,SPQR)
 (/nix/store/gnzyg3c8dsj6zwii6j7whjhbjlimkxmv-texlive-2025-r78234-final-env-texmfdist/tex/latex/graphics/trig.sty
Package: trig 2023/12/02 v1.11 sin cos tan (DPC)
) (/nix/store/gnzyg3c8dsj6zwii6j7whjhbjlimkxmv-texlive-2025-r78234-final-env-texmfdist/tex/latex/graphics-cfg/graphics.cfg
File: graphics.cfg 2016/06/04 v1.11 sample graphics configuration
)
Package graphics Info: Driver file: pdftex.def on input line 106.
 (/nix/store/gnzyg3c8dsj6zwii6j7whjhbjlimkxmv-texlive-2025-r78234-final-env-texmfdist/tex/latex/graphics-def/pdftex.def
File: pdftex.def 2025/09/29 v1.2d Graphics/color driver for pdftex
))
\Gin@req@height=\dimen157
\Gin@req@width=\dimen158
)
LaTeX Font Info:    Trying to load font information for T1+lmr on input line 13.
 (/nix/store/gnzyg3c8dsj6zwii6j7whjhbjlimkxmv-texlive-2025-r78234-final-env-texmfdist/tex/latex/lm/t1lmr.fd
File: t1lmr.fd 2015/05/01 v1.6.1 Font defs for Latin Modern
) (/nix/store/gnzyg3c8dsj6zwii6j7whjhbjlimkxmv-texlive-2025-r78234-final-env-texmfdist/tex/latex/l3backend/l3backend-pdftex.def
File: l3backend-pdftex.def 2025-10-09 L3 backend support: PDF output (pdfTeX)
\l__color_backend_stack_int=\count287
) (./full.aux)
\openout1 = `full.aux'.

LaTeX Font Info:    Checking defaults for OML/cmm/m/it on input line 13.
LaTeX Font Info:    ... okay on input line 13.
LaTeX Font Info:    Checking defaults for OMS/cmsy/m/n on input line 13.
LaTeX Font Info:    ... okay on input line 13.
LaTeX Font Info:    Checking defaults for OT1/cmr/m/n on input line 13.
LaTeX Font Info:    ... okay on input line 13.
LaTeX Font Info:    Checking defaults for T1/cmr/m/n on input line 13.
LaTeX Font Info:    ... okay on input line 13.
LaTeX Font Info:    Checking defaults for TS1/cmr/m/n on input line 13.
LaTeX Font Info:    ... okay on input line 13.
LaTeX Font Info:    Checking defaults for OMX/cmex/m/n on input line 13.
LaTeX Font Info:    ... okay on input line 13.
LaTeX Font Info:    Checking defaults for U/cmr/m/n on input line 13.
LaTeX Font Info:    ... okay on input line 13.

*geometry* driver: auto-detecting
*geometry* detected driver: pdftex
*geometry* verbose mode - [ preamble ] result:
* driver: pdftex
* paper: <default>
* layout: <same size as paper>
* layoutoffset:(h,v)=(0.0pt,0.0pt)
* modes: 
* h-part:(L,W,R)=(142.26378pt, 379.88603pt, 92.14519pt)
* v-part:(T,H,B)=(142.26378pt, 557.30884pt, 95.39737pt)
* \paperwidth=614.295pt
* \paperheight=794.96999pt
* \textwidth=379.88603pt
* \textheight=557.30884pt
* \oddsidemargin=69.99379pt
* \evensidemargin=69.99379pt
* \topmargin=32.99379pt
* \headheight=12.0pt
* \headsep=25.0pt
* \topskip=10.0pt
* \footskip=30.0pt
* \marginparwidth=65.0pt
* \marginparsep=11.0pt
* \columnsep=10.0pt
* \skip\footins=9.0pt plus 4.0pt minus 2.0pt
* \hoffset=0.0pt
* \voffset=0.0pt
* \mag=1000
* \@twocolumnfalse
* \@twosidefalse
* \@mparswitchfalse
* \@reversemarginfalse
* (1in=72.27pt=25.4mm, 1cm=28.453pt)

(/nix/store/gnzyg3c8dsj6zwii6j7whjhbjlimkxmv-texlive-2025-r78234-final-env-texmfdist/tex/context/base/mkii/supp-pdf.mkii
[Loading MPS to PDF converter (version 2006.09.02).]
\scratchcounter=\count288
\scratchdimen=\dimen159
\scratchbox=\box53
\nofMPsegments=\count289
\nofMParguments=\count290
\everyMPshowfont=\toks21
\MPscratchCnt=\count291
\MPscratchDim=\dimen160
\MPnumerator=\count292
\makeMPintoPDFobject=\count293
\everyMPtoPDFconversion=\toks22
) (/nix/store/gnzyg3c8dsj6zwii6j7whjhbjlimkxmv-texlive-2025-r78234-final-env-texmfdist/tex/latex/epstopdf-pkg/epstopdf-base.sty
Package: epstopdf-base 2020-01-24 v2.11 Base part for package epstopdf
Package epstopdf-base Info: Redefining graphics rule for `.eps' on input line 485.
 (/nix/store/gnzyg3c8dsj6zwii6j7whjhbjlimkxmv-texlive-2025-r78234-final-env-texmfdist/tex/latex/latexconfig/epstopdf-sys.cfg
File: epstopdf-sys.cfg 2010/07/13 v1.3 Configuration of (r)epstopdf for TeX Live
))
</home/maniacalm/bin/VQVAE_studies/run_data/exp7/images/comparative_plot_7,2.png, id=1, 462.528pt x 346.896pt>
File: /home/maniacalm/bin/VQVAE_studies/run_data/exp7/images/comparative_plot_7,2.png Graphic file (type png)
<use /home/maniacalm/bin/VQVAE_studies/run_data/exp7/images/comparative_plot_7,2.png>
Package pdftex.def Info: /home/maniacalm/bin/VQVAE_studies/run_data/exp7/images/comparative_plot_7,2.png  used on input line 21.
(pdftex.def)             Requested size: 120.45044pt x 90.33374pt.
 [1

{/nix/store/s5kqa2b3azrsq1667z6p11984w35pdsj-texlive-2025-r78234-final-env/share/texmf-var/fonts/map/pdftex/updmap/pdftex.map}{/nix/store/gnzyg3c8dsj6zwii6j7whjhbjlimkxmv-texlive-2025-r78234-final-env-texmfdist/fonts/enc/dvips/lm/lm-ec.enc} </home/maniacalm/bin/VQVAE_studies/run_data/exp7/images/comparative_plot_7,2.png>] 
enddocument/afterlastpage (AED): lastpage setting LastPage.
(./full.aux)
 ***********
LaTeX2e <2025-11-01>
L3 programming layer <2026-01-19>
 ***********
 ) 
Here is how much of TeX's memory you used:
 2280 strings out of 467535
 39930 string characters out of 5388798
 441241 words of memory out of 5000000
 31192 multiletter control sequences out of 15000+600000
 637471 words of font info for 44 fonts, out of 8000000 for 9000
 1141 hyphenation exceptions out of 8191
 57i,6n,65p,263b,236s stack positions out of 10000i,1000n,20000p,200000b,200000s
</nix/store/gnzyg3c8dsj6zwii6j7whjhbjlimkxmv-texlive-2025-r78234-final-env-texmfdist/fonts/type1/public/lm/lmbx12.pfb></nix/store/gnzyg3c8dsj6zwii6j7whjhbjlimkxmv-texlive-2025-r78234-final-env-texmfdist/fonts/type1/public/lm/lmr10.pfb>
Output written on full.pdf (1 page, 68198 bytes).
PDF statistics:
 22 PDF objects out of 1000 (max. 8388607)
 12 compressed objects within 1 object stream
 0 named destinations out of 1000 (max. 500000)
 6 words of extra memory for PDF output out of 10000 (max. 10000000)

