This is pdfTeX, Version 3.141592653-2.6-1.40.27 (TeX Live 2025/nixos.org) (preloaded format=pdflatex 1980.1.1)  21 SEP 2026 10:06
entering extended mode
 restricted \write18 enabled.
 %&-line parsing enabled.
**/home/maniacalm/bin/VQVAE_studies/run_data/exp1/full.tex
(/home/maniacalm/bin/VQVAE_studies/run_data/exp1/full.tex
LaTeX2e <2025-11-01>
L3 programming layer <2026-01-19>

(/nix/store/gnzyg3c8dsj6zwii6j7whjhbjlimkxmv-texlive-2025-r78234-final-env-texm
fdist/tex/latex/base/article.cls
Document Class: article 2025/01/22 v1.4n Standard LaTeX document class

(/nix/store/gnzyg3c8dsj6zwii6j7whjhbjlimkxmv-texlive-2025-r78234-final-env-texm
fdist/tex/latex/base/size10.clo
File: size10.clo 2025/01/22 v1.4n Standard LaTeX file (size option)
)
\c@part=\count275
\c@section=\count276
\c@subsection=\count277
\c@subsubsection=\count278
\c@paragraph=\count279
\c@subparagraph=\count280
\c@figure=\count281
\c@table=\count282
\abovecaptionskip=\skip49
\belowcaptionskip=\skip50
\bibindent=\dimen148
)
(/nix/store/gnzyg3c8dsj6zwii6j7whjhbjlimkxmv-texlive-2025-r78234-final-env-texm
fdist/tex/latex/base/fontenc.sty
Package: fontenc 2025/07/18 v2.1d Standard LaTeX package
)
(/nix/store/gnzyg3c8dsj6zwii6j7whjhbjlimkxmv-texlive-2025-r78234-final-env-texm
fdist/tex/latex/base/inputenc.sty
Package: inputenc 2024/02/08 v1.3d Input encoding file
\inpenc@prehook=\toks17
\inpenc@posthook=\toks18
)
(/nix/store/gnzyg3c8dsj6zwii6j7whjhbjlimkxmv-texlive-2025-r78234-final-env-texm
fdist/tex/latex/lm/lmodern.sty
Package: lmodern 2015/05/01 v1.6.1 Latin Modern Fonts
LaTeX Font Info:    Overwriting symbol font `operators' in version `normal'
(Font)                  OT1/cmr/m/n --> OT1/lmr/m/n on input line 22.
LaTeX Font Info:    Overwriting symbol font `letters' in version `normal'
(Font)                  OML/cmm/m/it --> OML/lmm/m/it on input line 23.
LaTeX Font Info:    Overwriting symbol font `symbols' in version `normal'
(Font)                  OMS/cmsy/m/n --> OMS/lmsy/m/n on input line 24.
LaTeX Font Info:    Overwriting symbol font `largesymbols' in version `normal'
(Font)                  OMX/cmex/m/n --> OMX/lmex/m/n on input line 25.
LaTeX Font Info:    Overwriting symbol font `operators' in version `bold'
(Font)                  OT1/cmr/bx/n --> OT1/lmr/bx/n on input line 26.
LaTeX Font Info:    Overwriting symbol font `letters' in version `bold'
(Font)                  OML/cmm/b/it --> OML/lmm/b/it on input line 27.
LaTeX Font Info:    Overwriting symbol font `symbols' in version `bold'
(Font)                  OMS/cmsy/b/n --> OMS/lmsy/b/n on input line 28.
LaTeX Font Info:    Overwriting symbol font `largesymbols' in version `bold'
(Font)                  OMX/cmex/m/n --> OMX/lmex/m/n on input line 29.
LaTeX Font Info:    Overwriting math alphabet `\mathbf' in version `normal'
(Font)                  OT1/cmr/bx/n --> OT1/lmr/bx/n on input line 31.
LaTeX Font Info:    Overwriting math alphabet `\mathsf' in version `normal'
(Font)                  OT1/cmss/m/n --> OT1/lmss/m/n on input line 32.
LaTeX Font Info:    Overwriting math alphabet `\mathit' in version `normal'
(Font)                  OT1/cmr/m/it --> OT1/lmr/m/it on input line 33.
LaTeX Font Info:    Overwriting math alphabet `\mathtt' in version `normal'
(Font)                  OT1/cmtt/m/n --> OT1/lmtt/m/n on input line 34.
LaTeX Font Info:    Overwriting math alphabet `\mathbf' in version `bold'
(Font)                  OT1/cmr/bx/n --> OT1/lmr/bx/n on input line 35.
LaTeX Font Info:    Overwriting math alphabet `\mathsf' in version `bold'
(Font)                  OT1/cmss/bx/n --> OT1/lmss/bx/n on input line 36.
LaTeX Font Info:    Overwriting math alphabet `\mathit' in version `bold'
(Font)                  OT1/cmr/bx/it --> OT1/lmr/bx/it on input line 37.
LaTeX Font Info:    Overwriting math alphabet `\mathtt' in version `bold'
(Font)                  OT1/cmtt/m/n --> OT1/lmtt/m/n on input line 38.
)
(/nix/store/gnzyg3c8dsj6zwii6j7whjhbjlimkxmv-texlive-2025-r78234-final-env-texm
fdist/tex/latex/base/textcomp.sty
Package: textcomp 2024/04/24 v2.1b Standard LaTeX package
)
(/nix/store/gnzyg3c8dsj6zwii6j7whjhbjlimkxmv-texlive-2025-r78234-final-env-texm
fdist/tex/latex/lastpage/lastpage.sty
Package: lastpage 2025/08/14 v2.1h lastpage: 2.09 or 2e? (HMM)

(/nix/store/gnzyg3c8dsj6zwii6j7whjhbjlimkxmv-texlive-2025-r78234-final-env-texm
fdist/tex/latex/lastpage/lastpage2e.sty
Package: lastpage2e 2025/08/14 v2.1h Decide which 2e lastpage version to use (H
MM)

(/nix/store/gnzyg3c8dsj6zwii6j7whjhbjlimkxmv-texlive-2025-r78234-final-env-texm
fdist/tex/latex/lastpage/lastpagemodern.sty
Package: lastpagemodern 2025-08-14 v2.1h Refers to last page's name (HMM; JPG)
\c@lastpagecount=\count283
) 
))
(/nix/store/gnzyg3c8dsj6zwii6j7whjhbjlimkxmv-texlive-2025-r78234-final-env-texm
fdist/tex/latex/geometry/geometry.sty
Package: geometry 2020/01/02 v5.9 Page Geometry

(/nix/store/gnzyg3c8dsj6zwii6j7whjhbjlimkxmv-texlive-2025-r78234-final-env-texm
fdist/tex/latex/graphics/keyval.sty
Package: keyval 2022/05/29 v1.15 key=value parser (DPC)
\KV@toks@=\toks19
)
(/nix/store/gnzyg3c8dsj6zwii6j7whjhbjlimkxmv-texlive-2025-r78234-final-env-texm
fdist/tex/generic/iftex/ifvtex.sty
Package: ifvtex 2019/10/25 v1.7 ifvtex legacy package. Use iftex instead.

(/nix/store/gnzyg3c8dsj6zwii6j7whjhbjlimkxmv-texlive-2025-r78234-final-env-texm
fdist/tex/generic/iftex/iftex.sty
Package: iftex 2024/12/12 v1.0g TeX engine tests
))
\Gm@cnth=\count284
\Gm@cntv=\count285
\c@Gm@tempcnt=\count286
\Gm@bindingoffset=\dimen149
\Gm@wd@mp=\dimen150
\Gm@odd@mp=\dimen151
\Gm@even@mp=\dimen152
\Gm@layoutwidth=\dimen153
\Gm@layoutheight=\dimen154
\Gm@layouthoffset=\dimen155
\Gm@layoutvoffset=\dimen156
\Gm@dimlist=\toks20
)
(/nix/store/gnzyg3c8dsj6zwii6j7whjhbjlimkxmv-texlive-2025-r78234-final-env-texm
fdist/tex/latex/amsmath/amsmath.sty
Package: amsmath 2025/07/09 v2.17z AMS math features
\@mathmargin=\skip51

For additional information on amsmath, use the `?' option.

(/nix/store/gnzyg3c8dsj6zwii6j7whjhbjlimkxmv-texlive-2025-r78234-final-env-texm
fdist/tex/latex/amsmath/amstext.sty
Package: amstext 2024/11/17 v2.01 AMS text

(/nix/store/gnzyg3c8dsj6zwii6j7whjhbjlimkxmv-texlive-2025-r78234-final-env-texm
fdist/tex/latex/amsmath/amsgen.sty
File: amsgen.sty 1999/11/30 v2.0 generic functions
\@emptytoks=\toks21
\ex@=\dimen157
))
(/nix/store/gnzyg3c8dsj6zwii6j7whjhbjlimkxmv-texlive-2025-r78234-final-env-texm
fdist/tex/latex/amsmath/amsbsy.sty
Package: amsbsy 1999/11/29 v1.2d Bold Symbols
\pmbraise@=\dimen158
)
(/nix/store/gnzyg3c8dsj6zwii6j7whjhbjlimkxmv-texlive-2025-r78234-final-env-texm
fdist/tex/latex/amsmath/amsopn.sty
Package: amsopn 2022/04/08 v2.04 operator names
)
\inf@bad=\count287
LaTeX Info: Redefining \frac on input line 233.
\uproot@=\count288
\leftroot@=\count289
LaTeX Info: Redefining \overline on input line 398.
LaTeX Info: Redefining \colon on input line 409.
\classnum@=\count290
\DOTSCASE@=\count291
LaTeX Info: Redefining \ldots on input line 495.
LaTeX Info: Redefining \dots on input line 498.
LaTeX Info: Redefining \cdots on input line 619.
\Mathstrutbox@=\box53
\strutbox@=\box54
LaTeX Info: Redefining \big on input line 721.
LaTeX Info: Redefining \Big on input line 722.
LaTeX Info: Redefining \bigg on input line 723.
LaTeX Info: Redefining \Bigg on input line 724.
\big@size=\dimen159
LaTeX Font Info:    Redeclaring font encoding OML on input line 742.
LaTeX Font Info:    Redeclaring font encoding OMS on input line 743.
\macc@depth=\count292
LaTeX Info: Redefining \bmod on input line 904.
LaTeX Info: Redefining \pmod on input line 909.
LaTeX Info: Redefining \smash on input line 939.
LaTeX Info: Redefining \relbar on input line 969.
LaTeX Info: Redefining \Relbar on input line 970.
\c@MaxMatrixCols=\count293
\dotsspace@=\muskip17
\c@parentequation=\count294
\dspbrk@lvl=\count295
\tag@help=\toks22
\row@=\count296
\column@=\count297
\maxfields@=\count298
\andhelp@=\toks23
\eqnshift@=\dimen160
\alignsep@=\dimen161
\tagshift@=\dimen162
\tagwidth@=\dimen163
\totwidth@=\dimen164
\lineht@=\dimen165
\@envbody=\toks24
\multlinegap=\skip52
\multlinetaggap=\skip53
\mathdisplay@stack=\toks25
LaTeX Info: Redefining \[ on input line 2950.
LaTeX Info: Redefining \] on input line 2951.
)
(/nix/store/gnzyg3c8dsj6zwii6j7whjhbjlimkxmv-texlive-2025-r78234-final-env-texm
fdist/tex/latex/pgf/frontendlayer/tikz.sty
(/nix/store/gnzyg3c8dsj6zwii6j7whjhbjlimkxmv-texlive-2025-r78234-final-env-texm
fdist/tex/latex/pgf/basiclayer/pgf.sty
(/nix/store/gnzyg3c8dsj6zwii6j7whjhbjlimkxmv-texlive-2025-r78234-final-env-texm
fdist/tex/latex/pgf/utilities/pgfrcs.sty
(/nix/store/gnzyg3c8dsj6zwii6j7whjhbjlimkxmv-texlive-2025-r78234-final-env-texm
fdist/tex/generic/pgf/utilities/pgfutil-common.tex
\pgfutil@everybye=\toks26
\pgfutil@tempdima=\dimen166
\pgfutil@tempdimb=\dimen167
)
(/nix/store/gnzyg3c8dsj6zwii6j7whjhbjlimkxmv-texlive-2025-r78234-final-env-texm
fdist/tex/generic/pgf/utilities/pgfutil-latex.def
\pgfutil@abb=\box55
)
(/nix/store/gnzyg3c8dsj6zwii6j7whjhbjlimkxmv-texlive-2025-r78234-final-env-texm
fdist/tex/generic/pgf/utilities/pgfrcs.code.tex
(/nix/store/gnzyg3c8dsj6zwii6j7whjhbjlimkxmv-texlive-2025-r78234-final-env-texm
fdist/tex/generic/pgf/pgf.revision.tex)
Package: pgfrcs 2025-08-29 v3.1.11a (3.1.11a)
))
Package: pgf 2025-08-29 v3.1.11a (3.1.11a)

(/nix/store/gnzyg3c8dsj6zwii6j7whjhbjlimkxmv-texlive-2025-r78234-final-env-texm
fdist/tex/latex/pgf/basiclayer/pgfcore.sty
(/nix/store/gnzyg3c8dsj6zwii6j7whjhbjlimkxmv-texlive-2025-r78234-final-env-texm
fdist/tex/latex/graphics/graphicx.sty
Package: graphicx 2024/12/31 v1.2e Enhanced LaTeX Graphics (DPC,SPQR)

(/nix/store/gnzyg3c8dsj6zwii6j7whjhbjlimkxmv-texlive-2025-r78234-final-env-texm
fdist/tex/latex/graphics/graphics.sty
Package: graphics 2024/08/06 v1.4g Standard LaTeX Graphics (DPC,SPQR)

(/nix/store/gnzyg3c8dsj6zwii6j7whjhbjlimkxmv-texlive-2025-r78234-final-env-texm
fdist/tex/latex/graphics/trig.sty
Package: trig 2023/12/02 v1.11 sin cos tan (DPC)
)
(/nix/store/gnzyg3c8dsj6zwii6j7whjhbjlimkxmv-texlive-2025-r78234-final-env-texm
fdist/tex/latex/graphics-cfg/graphics.cfg
File: graphics.cfg 2016/06/04 v1.11 sample graphics configuration
)
Package graphics Info: Driver file: pdftex.def on input line 106.

(/nix/store/gnzyg3c8dsj6zwii6j7whjhbjlimkxmv-texlive-2025-r78234-final-env-texm
fdist/tex/latex/graphics-def/pdftex.def
File: pdftex.def 2025/09/29 v1.2d Graphics/color driver for pdftex
))
\Gin@req@height=\dimen168
\Gin@req@width=\dimen169
)
(/nix/store/gnzyg3c8dsj6zwii6j7whjhbjlimkxmv-texlive-2025-r78234-final-env-texm
fdist/tex/latex/pgf/systemlayer/pgfsys.sty
(/nix/store/gnzyg3c8dsj6zwii6j7whjhbjlimkxmv-texlive-2025-r78234-final-env-texm
fdist/tex/generic/pgf/systemlayer/pgfsys.code.tex
Package: pgfsys 2025-08-29 v3.1.11a (3.1.11a)

(/nix/store/gnzyg3c8dsj6zwii6j7whjhbjlimkxmv-texlive-2025-r78234-final-env-texm
fdist/tex/generic/pgf/utilities/pgfkeys.code.tex
\pgfkeys@pathtoks=\toks27
\pgfkeys@temptoks=\toks28

(/nix/store/gnzyg3c8dsj6zwii6j7whjhbjlimkxmv-texlive-2025-r78234-final-env-texm
fdist/tex/generic/pgf/utilities/pgfkeyslibraryfiltered.code.tex
\pgfkeys@tmptoks=\toks29
))
\pgf@x=\dimen170
\pgf@y=\dimen171
\pgf@xa=\dimen172
\pgf@ya=\dimen173
\pgf@xb=\dimen174
\pgf@yb=\dimen175
\pgf@xc=\dimen176
\pgf@yc=\dimen177
\pgf@xd=\dimen178
\pgf@yd=\dimen179
\w@pgf@writea=\write3
\r@pgf@reada=\read2
\c@pgf@counta=\count299
\c@pgf@countb=\count300
\c@pgf@countc=\count301
\c@pgf@countd=\count302
\t@pgf@toka=\toks30
\t@pgf@tokb=\toks31
\t@pgf@tokc=\toks32
\pgf@sys@id@count=\count303

(/nix/store/gnzyg3c8dsj6zwii6j7whjhbjlimkxmv-texlive-2025-r78234-final-env-texm
fdist/tex/generic/pgf/systemlayer/pgf.cfg
File: pgf.cfg 2025-08-29 v3.1.11a (3.1.11a)
)
Driver file for pgf: pgfsys-pdftex.def

(/nix/store/gnzyg3c8dsj6zwii6j7whjhbjlimkxmv-texlive-2025-r78234-final-env-texm
fdist/tex/generic/pgf/systemlayer/pgfsys-pdftex.def
File: pgfsys-pdftex.def 2025-08-29 v3.1.11a (3.1.11a)

(/nix/store/gnzyg3c8dsj6zwii6j7whjhbjlimkxmv-texlive-2025-r78234-final-env-texm
fdist/tex/generic/pgf/systemlayer/pgfsys-common-pdf.def
File: pgfsys-common-pdf.def 2025-08-29 v3.1.11a (3.1.11a)
)))
(/nix/store/gnzyg3c8dsj6zwii6j7whjhbjlimkxmv-texlive-2025-r78234-final-env-texm
fdist/tex/generic/pgf/systemlayer/pgfsyssoftpath.code.tex
File: pgfsyssoftpath.code.tex 2025-08-29 v3.1.11a (3.1.11a)
\pgfsyssoftpath@smallbuffer@items=\count304
\pgfsyssoftpath@bigbuffer@items=\count305
)
(/nix/store/gnzyg3c8dsj6zwii6j7whjhbjlimkxmv-texlive-2025-r78234-final-env-texm
fdist/tex/generic/pgf/systemlayer/pgfsysprotocol.code.tex
File: pgfsysprotocol.code.tex 2025-08-29 v3.1.11a (3.1.11a)
))
(/nix/store/gnzyg3c8dsj6zwii6j7whjhbjlimkxmv-texlive-2025-r78234-final-env-texm
fdist/tex/latex/xcolor/xcolor.sty
Package: xcolor 2024/09/29 v3.02 LaTeX color extensions (UK)

(/nix/store/gnzyg3c8dsj6zwii6j7whjhbjlimkxmv-texlive-2025-r78234-final-env-texm
fdist/tex/latex/graphics-cfg/color.cfg
File: color.cfg 2016/01/02 v1.6 sample color configuration
)
Package xcolor Info: Driver file: pdftex.def on input line 274.

(/nix/store/gnzyg3c8dsj6zwii6j7whjhbjlimkxmv-texlive-2025-r78234-final-env-texm
fdist/tex/latex/graphics/mathcolor.ltx)
Package xcolor Info: Model `cmy' substituted by `cmy0' on input line 1349.
Package xcolor Info: Model `hsb' substituted by `rgb' on input line 1353.
Package xcolor Info: Model `RGB' extended on input line 1365.
Package xcolor Info: Model `HTML' substituted by `rgb' on input line 1367.
Package xcolor Info: Model `Hsb' substituted by `hsb' on input line 1368.
Package xcolor Info: Model `tHsb' substituted by `hsb' on input line 1369.
Package xcolor Info: Model `HSB' substituted by `hsb' on input line 1370.
Package xcolor Info: Model `Gray' substituted by `gray' on input line 1371.
Package xcolor Info: Model `wave' substituted by `hsb' on input line 1372.
)
(/nix/store/gnzyg3c8dsj6zwii6j7whjhbjlimkxmv-texlive-2025-r78234-final-env-texm
fdist/tex/generic/pgf/basiclayer/pgfcore.code.tex
Package: pgfcore 2025-08-29 v3.1.11a (3.1.11a)

(/nix/store/gnzyg3c8dsj6zwii6j7whjhbjlimkxmv-texlive-2025-r78234-final-env-texm
fdist/tex/generic/pgf/math/pgfmath.code.tex
(/nix/store/gnzyg3c8dsj6zwii6j7whjhbjlimkxmv-texlive-2025-r78234-final-env-texm
fdist/tex/generic/pgf/math/pgfmathutil.code.tex)
(/nix/store/gnzyg3c8dsj6zwii6j7whjhbjlimkxmv-texlive-2025-r78234-final-env-texm
fdist/tex/generic/pgf/math/pgfmathparser.code.tex
\pgfmath@dimen=\dimen180
\pgfmath@count=\count306
\pgfmath@box=\box56
\pgfmath@toks=\toks33
\pgfmath@stack@operand=\toks34
\pgfmath@stack@operation=\toks35
)
(/nix/store/gnzyg3c8dsj6zwii6j7whjhbjlimkxmv-texlive-2025-r78234-final-env-texm
fdist/tex/generic/pgf/math/pgfmathfunctions.code.tex)
(/nix/store/gnzyg3c8dsj6zwii6j7whjhbjlimkxmv-texlive-2025-r78234-final-env-texm
fdist/tex/generic/pgf/math/pgfmathfunctions.basic.code.tex)
(/nix/store/gnzyg3c8dsj6zwii6j7whjhbjlimkxmv-texlive-2025-r78234-final-env-texm
fdist/tex/generic/pgf/math/pgfmathfunctions.trigonometric.code.tex)
(/nix/store/gnzyg3c8dsj6zwii6j7whjhbjlimkxmv-texlive-2025-r78234-final-env-texm
fdist/tex/generic/pgf/math/pgfmathfunctions.random.code.tex)
(/nix/store/gnzyg3c8dsj6zwii6j7whjhbjlimkxmv-texlive-2025-r78234-final-env-texm
fdist/tex/generic/pgf/math/pgfmathfunctions.comparison.code.tex)
(/nix/store/gnzyg3c8dsj6zwii6j7whjhbjlimkxmv-texlive-2025-r78234-final-env-texm
fdist/tex/generic/pgf/math/pgfmathfunctions.base.code.tex)
(/nix/store/gnzyg3c8dsj6zwii6j7whjhbjlimkxmv-texlive-2025-r78234-final-env-texm
fdist/tex/generic/pgf/math/pgfmathfunctions.round.code.tex)
(/nix/store/gnzyg3c8dsj6zwii6j7whjhbjlimkxmv-texlive-2025-r78234-final-env-texm
fdist/tex/generic/pgf/math/pgfmathfunctions.misc.code.tex)
(/nix/store/gnzyg3c8dsj6zwii6j7whjhbjlimkxmv-texlive-2025-r78234-final-env-texm
fdist/tex/generic/pgf/math/pgfmathfunctions.integerarithmetics.code.tex)
(/nix/store/gnzyg3c8dsj6zwii6j7whjhbjlimkxmv-texlive-2025-r78234-final-env-texm
fdist/tex/generic/pgf/math/pgfmathcalc.code.tex)
(/nix/store/gnzyg3c8dsj6zwii6j7whjhbjlimkxmv-texlive-2025-r78234-final-env-texm
fdist/tex/generic/pgf/math/pgfmathfloat.code.tex
\c@pgfmathroundto@lastzeros=\count307
))
(/nix/store/gnzyg3c8dsj6zwii6j7whjhbjlimkxmv-texlive-2025-r78234-final-env-texm
fdist/tex/generic/pgf/math/pgfint.code.tex)
(/nix/store/gnzyg3c8dsj6zwii6j7whjhbjlimkxmv-texlive-2025-r78234-final-env-texm
fdist/tex/generic/pgf/basiclayer/pgfcorepoints.code.tex
File: pgfcorepoints.code.tex 2025-08-29 v3.1.11a (3.1.11a)
\pgf@picminx=\dimen181
\pgf@picmaxx=\dimen182
\pgf@picminy=\dimen183
\pgf@picmaxy=\dimen184
\pgf@pathminx=\dimen185
\pgf@pathmaxx=\dimen186
\pgf@pathminy=\dimen187
\pgf@pathmaxy=\dimen188
\pgf@xx=\dimen189
\pgf@xy=\dimen190
\pgf@yx=\dimen191
\pgf@yy=\dimen192
\pgf@zx=\dimen193
\pgf@zy=\dimen194
)
(/nix/store/gnzyg3c8dsj6zwii6j7whjhbjlimkxmv-texlive-2025-r78234-final-env-texm
fdist/tex/generic/pgf/basiclayer/pgfcorepathconstruct.code.tex
File: pgfcorepathconstruct.code.tex 2025-08-29 v3.1.11a (3.1.11a)
\pgf@path@lastx=\dimen195
\pgf@path@lasty=\dimen196
)
(/nix/store/gnzyg3c8dsj6zwii6j7whjhbjlimkxmv-texlive-2025-r78234-final-env-texm
fdist/tex/generic/pgf/basiclayer/pgfcorepathusage.code.tex
File: pgfcorepathusage.code.tex 2025-08-29 v3.1.11a (3.1.11a)
\pgf@shorten@end@additional=\dimen197
\pgf@shorten@start@additional=\dimen198
)
(/nix/store/gnzyg3c8dsj6zwii6j7whjhbjlimkxmv-texlive-2025-r78234-final-env-texm
fdist/tex/generic/pgf/basiclayer/pgfcorescopes.code.tex
File: pgfcorescopes.code.tex 2025-08-29 v3.1.11a (3.1.11a)
\pgfpic=\box57
\pgf@hbox=\box58
\pgf@layerbox@main=\box59
\pgf@picture@serial@count=\count308
)
(/nix/store/gnzyg3c8dsj6zwii6j7whjhbjlimkxmv-texlive-2025-r78234-final-env-texm
fdist/tex/generic/pgf/basiclayer/pgfcoregraphicstate.code.tex
File: pgfcoregraphicstate.code.tex 2025-08-29 v3.1.11a (3.1.11a)
\pgflinewidth=\dimen199
)
(/nix/store/gnzyg3c8dsj6zwii6j7whjhbjlimkxmv-texlive-2025-r78234-final-env-texm
fdist/tex/generic/pgf/basiclayer/pgfcoretransformations.code.tex
File: pgfcoretransformations.code.tex 2025-08-29 v3.1.11a (3.1.11a)
\pgf@pt@x=\dimen256
\pgf@pt@y=\dimen257
\pgf@pt@temp=\dimen258
)
(/nix/store/gnzyg3c8dsj6zwii6j7whjhbjlimkxmv-texlive-2025-r78234-final-env-texm
fdist/tex/generic/pgf/basiclayer/pgfcorequick.code.tex
File: pgfcorequick.code.tex 2025-08-29 v3.1.11a (3.1.11a)
)
(/nix/store/gnzyg3c8dsj6zwii6j7whjhbjlimkxmv-texlive-2025-r78234-final-env-texm
fdist/tex/generic/pgf/basiclayer/pgfcoreobjects.code.tex
File: pgfcoreobjects.code.tex 2025-08-29 v3.1.11a (3.1.11a)
)
(/nix/store/gnzyg3c8dsj6zwii6j7whjhbjlimkxmv-texlive-2025-r78234-final-env-texm
fdist/tex/generic/pgf/basiclayer/pgfcorepathprocessing.code.tex
File: pgfcorepathprocessing.code.tex 2025-08-29 v3.1.11a (3.1.11a)
)
(/nix/store/gnzyg3c8dsj6zwii6j7whjhbjlimkxmv-texlive-2025-r78234-final-env-texm
fdist/tex/generic/pgf/basiclayer/pgfcorearrows.code.tex
File: pgfcorearrows.code.tex 2025-08-29 v3.1.11a (3.1.11a)
\pgfarrowsep=\dimen259
)
(/nix/store/gnzyg3c8dsj6zwii6j7whjhbjlimkxmv-texlive-2025-r78234-final-env-texm
fdist/tex/generic/pgf/basiclayer/pgfcoreshade.code.tex
File: pgfcoreshade.code.tex 2025-08-29 v3.1.11a (3.1.11a)
\pgf@max=\dimen260
\pgf@sys@shading@range@num=\count309
\pgf@shadingcount=\count310
)
(/nix/store/gnzyg3c8dsj6zwii6j7whjhbjlimkxmv-texlive-2025-r78234-final-env-texm
fdist/tex/generic/pgf/basiclayer/pgfcoreimage.code.tex
File: pgfcoreimage.code.tex 2025-08-29 v3.1.11a (3.1.11a)
)
(/nix/store/gnzyg3c8dsj6zwii6j7whjhbjlimkxmv-texlive-2025-r78234-final-env-texm
fdist/tex/generic/pgf/basiclayer/pgfcoreexternal.code.tex
File: pgfcoreexternal.code.tex 2025-08-29 v3.1.11a (3.1.11a)
\pgfexternal@startupbox=\box60
)
(/nix/store/gnzyg3c8dsj6zwii6j7whjhbjlimkxmv-texlive-2025-r78234-final-env-texm
fdist/tex/generic/pgf/basiclayer/pgfcorelayers.code.tex
File: pgfcorelayers.code.tex 2025-08-29 v3.1.11a (3.1.11a)
)
(/nix/store/gnzyg3c8dsj6zwii6j7whjhbjlimkxmv-texlive-2025-r78234-final-env-texm
fdist/tex/generic/pgf/basiclayer/pgfcoretransparency.code.tex
File: pgfcoretransparency.code.tex 2025-08-29 v3.1.11a (3.1.11a)
)
(/nix/store/gnzyg3c8dsj6zwii6j7whjhbjlimkxmv-texlive-2025-r78234-final-env-texm
fdist/tex/generic/pgf/basiclayer/pgfcorepatterns.code.tex
File: pgfcorepatterns.code.tex 2025-08-29 v3.1.11a (3.1.11a)
)
(/nix/store/gnzyg3c8dsj6zwii6j7whjhbjlimkxmv-texlive-2025-r78234-final-env-texm
fdist/tex/generic/pgf/basiclayer/pgfcorerdf.code.tex
File: pgfcorerdf.code.tex 2025-08-29 v3.1.11a (3.1.11a)
)))
(/nix/store/gnzyg3c8dsj6zwii6j7whjhbjlimkxmv-texlive-2025-r78234-final-env-texm
fdist/tex/generic/pgf/modules/pgfmoduleshapes.code.tex
File: pgfmoduleshapes.code.tex 2025-08-29 v3.1.11a (3.1.11a)
\pgfnodeparttextbox=\box61
)
(/nix/store/gnzyg3c8dsj6zwii6j7whjhbjlimkxmv-texlive-2025-r78234-final-env-texm
fdist/tex/generic/pgf/modules/pgfmoduleplot.code.tex
File: pgfmoduleplot.code.tex 2025-08-29 v3.1.11a (3.1.11a)
)
(/nix/store/gnzyg3c8dsj6zwii6j7whjhbjlimkxmv-texlive-2025-r78234-final-env-texm
fdist/tex/latex/pgf/compatibility/pgfcomp-version-0-65.sty
Package: pgfcomp-version-0-65 2025-08-29 v3.1.11a (3.1.11a)
\pgf@nodesepstart=\dimen261
\pgf@nodesepend=\dimen262
)
(/nix/store/gnzyg3c8dsj6zwii6j7whjhbjlimkxmv-texlive-2025-r78234-final-env-texm
fdist/tex/latex/pgf/compatibility/pgfcomp-version-1-18.sty
Package: pgfcomp-version-1-18 2025-08-29 v3.1.11a (3.1.11a)
))
(/nix/store/gnzyg3c8dsj6zwii6j7whjhbjlimkxmv-texlive-2025-r78234-final-env-texm
fdist/tex/latex/pgf/utilities/pgffor.sty
(/nix/store/gnzyg3c8dsj6zwii6j7whjhbjlimkxmv-texlive-2025-r78234-final-env-texm
fdist/tex/latex/pgf/utilities/pgfkeys.sty
(/nix/store/gnzyg3c8dsj6zwii6j7whjhbjlimkxmv-texlive-2025-r78234-final-env-texm
fdist/tex/generic/pgf/utilities/pgfkeys.code.tex))
(/nix/store/gnzyg3c8dsj6zwii6j7whjhbjlimkxmv-texlive-2025-r78234-final-env-texm
fdist/tex/latex/pgf/math/pgfmath.sty
(/nix/store/gnzyg3c8dsj6zwii6j7whjhbjlimkxmv-texlive-2025-r78234-final-env-texm
fdist/tex/generic/pgf/math/pgfmath.code.tex))
(/nix/store/gnzyg3c8dsj6zwii6j7whjhbjlimkxmv-texlive-2025-r78234-final-env-texm
fdist/tex/generic/pgf/utilities/pgffor.code.tex
Package: pgffor 2025-08-29 v3.1.11a (3.1.11a)
\pgffor@iter=\dimen263
\pgffor@skip=\dimen264
\pgffor@stack=\toks36
\pgffor@toks=\toks37
))
(/nix/store/gnzyg3c8dsj6zwii6j7whjhbjlimkxmv-texlive-2025-r78234-final-env-texm
fdist/tex/generic/pgf/frontendlayer/tikz/tikz.code.tex
Package: tikz 2025-08-29 v3.1.11a (3.1.11a)

(/nix/store/gnzyg3c8dsj6zwii6j7whjhbjlimkxmv-texlive-2025-r78234-final-env-texm
fdist/tex/generic/pgf/libraries/pgflibraryplothandlers.code.tex
File: pgflibraryplothandlers.code.tex 2025-08-29 v3.1.11a (3.1.11a)
\pgf@plot@mark@count=\count311
\pgfplotmarksize=\dimen265
)
\tikz@lastx=\dimen266
\tikz@lasty=\dimen267
\tikz@lastxsaved=\dimen268
\tikz@lastysaved=\dimen269
\tikz@lastmovetox=\dimen270
\tikz@lastmovetoy=\dimen271
\tikzleveldistance=\dimen272
\tikzsiblingdistance=\dimen273
\tikz@figbox=\box62
\tikz@figbox@bg=\box63
\tikz@tempbox=\box64
\tikz@tempbox@bg=\box65
\tikztreelevel=\count312
\tikznumberofchildren=\count313
\tikznumberofcurrentchild=\count314
\tikz@fig@count=\count315

(/nix/store/gnzyg3c8dsj6zwii6j7whjhbjlimkxmv-texlive-2025-r78234-final-env-texm
fdist/tex/generic/pgf/modules/pgfmodulematrix.code.tex
File: pgfmodulematrix.code.tex 2025-08-29 v3.1.11a (3.1.11a)
\pgfmatrixcurrentrow=\count316
\pgfmatrixcurrentcolumn=\count317
\pgf@matrix@numberofcolumns=\count318
)
\tikz@expandcount=\count319

(/nix/store/gnzyg3c8dsj6zwii6j7whjhbjlimkxmv-texlive-2025-r78234-final-env-texm
fdist/tex/generic/pgf/frontendlayer/tikz/libraries/tikzlibrarytopaths.code.tex
File: tikzlibrarytopaths.code.tex 2025-08-29 v3.1.11a (3.1.11a)
)))
(/nix/store/gnzyg3c8dsj6zwii6j7whjhbjlimkxmv-texlive-2025-r78234-final-env-texm
fdist/tex/latex/pgfplots/pgfplots.sty
(/nix/store/gnzyg3c8dsj6zwii6j7whjhbjlimkxmv-texlive-2025-r78234-final-env-texm
fdist/tex/generic/pgfplots/pgfplots.revision.tex)
Package: pgfplots 2025/08/14 v1.18.2 Data Visualization (1.18.2)

(/nix/store/gnzyg3c8dsj6zwii6j7whjhbjlimkxmv-texlive-2025-r78234-final-env-texm
fdist/tex/generic/pgfplots/pgfplots.code.tex
(/nix/store/gnzyg3c8dsj6zwii6j7whjhbjlimkxmv-texlive-2025-r78234-final-env-texm
fdist/tex/generic/pgfplots/pgfplotscore.code.tex
\t@pgfplots@toka=\toks38
\t@pgfplots@tokb=\toks39
\t@pgfplots@tokc=\toks40
\pgfplots@tmpa=\dimen274
\c@pgfplots@coordindex=\count320
\c@pgfplots@scanlineindex=\count321

(/nix/store/gnzyg3c8dsj6zwii6j7whjhbjlimkxmv-texlive-2025-r78234-final-env-texm
fdist/tex/generic/pgfplots/sys/pgfplotssysgeneric.code.tex))
(/nix/store/gnzyg3c8dsj6zwii6j7whjhbjlimkxmv-texlive-2025-r78234-final-env-texm
fdist/tex/generic/pgfplots/libs/pgfplotslibrary.code.tex)
(/nix/store/gnzyg3c8dsj6zwii6j7whjhbjlimkxmv-texlive-2025-r78234-final-env-texm
fdist/tex/generic/pgfplots/oldpgfcompatib/pgfplotsoldpgfsupp_loader.code.tex
(/nix/store/gnzyg3c8dsj6zwii6j7whjhbjlimkxmv-texlive-2025-r78234-final-env-texm
fdist/tex/generic/pgf/libraries/pgflibraryfpu.code.tex)
(/nix/store/gnzyg3c8dsj6zwii6j7whjhbjlimkxmv-texlive-2025-r78234-final-env-texm
fdist/tex/generic/pgfplots/oldpgfcompatib/pgfplotsoldpgfsupp_pgfutil-common-lis
ts.tex))
(/nix/store/gnzyg3c8dsj6zwii6j7whjhbjlimkxmv-texlive-2025-r78234-final-env-texm
fdist/tex/generic/pgfplots/util/pgfplotsutil.code.tex
(/nix/store/gnzyg3c8dsj6zwii6j7whjhbjlimkxmv-texlive-2025-r78234-final-env-texm
fdist/tex/generic/pgfplots/liststructure/pgfplotsliststructure.code.tex)
(/nix/store/gnzyg3c8dsj6zwii6j7whjhbjlimkxmv-texlive-2025-r78234-final-env-texm
fdist/tex/generic/pgfplots/liststructure/pgfplotsliststructureext.code.tex)
(/nix/store/gnzyg3c8dsj6zwii6j7whjhbjlimkxmv-texlive-2025-r78234-final-env-texm
fdist/tex/generic/pgfplots/liststructure/pgfplotsarray.code.tex
\c@pgfplotsarray@tmp=\count322
)
(/nix/store/gnzyg3c8dsj6zwii6j7whjhbjlimkxmv-texlive-2025-r78234-final-env-texm
fdist/tex/generic/pgfplots/liststructure/pgfplotsmatrix.code.tex)
(/nix/store/gnzyg3c8dsj6zwii6j7whjhbjlimkxmv-texlive-2025-r78234-final-env-texm
fdist/tex/generic/pgfplots/numtable/pgfplotstableshared.code.tex
\c@pgfplotstable@counta=\count323
\t@pgfplotstable@a=\toks41
)
(/nix/store/gnzyg3c8dsj6zwii6j7whjhbjlimkxmv-texlive-2025-r78234-final-env-texm
fdist/tex/generic/pgfplots/liststructure/pgfplotsdeque.code.tex)
(/nix/store/gnzyg3c8dsj6zwii6j7whjhbjlimkxmv-texlive-2025-r78234-final-env-texm
fdist/tex/generic/pgfplots/util/pgfplotsbinary.code.tex
(/nix/store/gnzyg3c8dsj6zwii6j7whjhbjlimkxmv-texlive-2025-r78234-final-env-texm
fdist/tex/generic/pgfplots/util/pgfplotsbinary.data.code.tex))
(/nix/store/gnzyg3c8dsj6zwii6j7whjhbjlimkxmv-texlive-2025-r78234-final-env-texm
fdist/tex/generic/pgfplots/util/pgfplotsutil.verb.code.tex)
(/nix/store/gnzyg3c8dsj6zwii6j7whjhbjlimkxmv-texlive-2025-r78234-final-env-texm
fdist/tex/generic/pgfplots/libs/pgflibrarypgfplots.surfshading.code.tex
\c@pgfplotslibrarysurf@no=\count324

(/nix/store/gnzyg3c8dsj6zwii6j7whjhbjlimkxmv-texlive-2025-r78234-final-env-texm
fdist/tex/generic/pgfplots/sys/pgflibrarypgfplots.surfshading.pgfsys-pdftex.def
)))
(/nix/store/gnzyg3c8dsj6zwii6j7whjhbjlimkxmv-texlive-2025-r78234-final-env-texm
fdist/tex/generic/pgfplots/util/pgfplotscolormap.code.tex
(/nix/store/gnzyg3c8dsj6zwii6j7whjhbjlimkxmv-texlive-2025-r78234-final-env-texm
fdist/tex/generic/pgfplots/util/pgfplotscolor.code.tex))
(/nix/store/gnzyg3c8dsj6zwii6j7whjhbjlimkxmv-texlive-2025-r78234-final-env-texm
fdist/tex/generic/pgfplots/pgfplotsstackedplots.code.tex)
(/nix/store/gnzyg3c8dsj6zwii6j7whjhbjlimkxmv-texlive-2025-r78234-final-env-texm
fdist/tex/generic/pgfplots/pgfplotsplothandlers.code.tex
(/nix/store/gnzyg3c8dsj6zwii6j7whjhbjlimkxmv-texlive-2025-r78234-final-env-texm
fdist/tex/generic/pgfplots/pgfplotsmeshplothandler.code.tex
(/nix/store/gnzyg3c8dsj6zwii6j7whjhbjlimkxmv-texlive-2025-r78234-final-env-texm
fdist/tex/generic/pgfplots/pgfplotsmeshplotimage.code.tex)))
(/nix/store/gnzyg3c8dsj6zwii6j7whjhbjlimkxmv-texlive-2025-r78234-final-env-texm
fdist/tex/generic/pgfplots/pgfplots.scaling.code.tex)
(/nix/store/gnzyg3c8dsj6zwii6j7whjhbjlimkxmv-texlive-2025-r78234-final-env-texm
fdist/tex/generic/pgfplots/pgfplotscoordprocessing.code.tex)
(/nix/store/gnzyg3c8dsj6zwii6j7whjhbjlimkxmv-texlive-2025-r78234-final-env-texm
fdist/tex/generic/pgfplots/pgfplots.errorbars.code.tex)
(/nix/store/gnzyg3c8dsj6zwii6j7whjhbjlimkxmv-texlive-2025-r78234-final-env-texm
fdist/tex/generic/pgfplots/pgfplots.markers.code.tex)
(/nix/store/gnzyg3c8dsj6zwii6j7whjhbjlimkxmv-texlive-2025-r78234-final-env-texm
fdist/tex/generic/pgfplots/pgfplotsticks.code.tex)
(/nix/store/gnzyg3c8dsj6zwii6j7whjhbjlimkxmv-texlive-2025-r78234-final-env-texm
fdist/tex/generic/pgfplots/pgfplots.paths.code.tex)
(/nix/store/gnzyg3c8dsj6zwii6j7whjhbjlimkxmv-texlive-2025-r78234-final-env-texm
fdist/tex/generic/pgf/frontendlayer/tikz/libraries/tikzlibrarydecorations.code.
tex
(/nix/store/gnzyg3c8dsj6zwii6j7whjhbjlimkxmv-texlive-2025-r78234-final-env-texm
fdist/tex/generic/pgf/modules/pgfmoduledecorations.code.tex
\pgfdecoratedcompleteddistance=\dimen275
\pgfdecoratedremainingdistance=\dimen276
\pgfdecoratedinputsegmentcompleteddistance=\dimen277
\pgfdecoratedinputsegmentremainingdistance=\dimen278
\pgf@decorate@distancetomove=\dimen279
\pgf@decorate@repeatstate=\count325
\pgfdecorationsegmentamplitude=\dimen280
\pgfdecorationsegmentlength=\dimen281
)
\tikz@lib@dec@box=\box66
)
(/nix/store/gnzyg3c8dsj6zwii6j7whjhbjlimkxmv-texlive-2025-r78234-final-env-texm
fdist/tex/generic/pgf/frontendlayer/tikz/libraries/tikzlibrarydecorations.pathm
orphing.code.tex
(/nix/store/gnzyg3c8dsj6zwii6j7whjhbjlimkxmv-texlive-2025-r78234-final-env-texm
fdist/tex/generic/pgf/libraries/decorations/pgflibrarydecorations.pathmorphing.
code.tex))
(/nix/store/gnzyg3c8dsj6zwii6j7whjhbjlimkxmv-texlive-2025-r78234-final-env-texm
fdist/tex/generic/pgf/frontendlayer/tikz/libraries/tikzlibrarydecorations.pathr
eplacing.code.tex
(/nix/store/gnzyg3c8dsj6zwii6j7whjhbjlimkxmv-texlive-2025-r78234-final-env-texm
fdist/tex/generic/pgf/libraries/decorations/pgflibrarydecorations.pathreplacing
.code.tex))
(/nix/store/gnzyg3c8dsj6zwii6j7whjhbjlimkxmv-texlive-2025-r78234-final-env-texm
fdist/tex/generic/pgfplots/libs/tikzlibrarypgfplots.contourlua.code.tex)
\pgfplots@numplots=\count326
\pgfplots@xmin@reg=\dimen282
\pgfplots@xmax@reg=\dimen283
\pgfplots@ymin@reg=\dimen284
\pgfplots@ymax@reg=\dimen285
\pgfplots@zmin@reg=\dimen286
\pgfplots@zmax@reg=\dimen287
)
(/nix/store/gnzyg3c8dsj6zwii6j7whjhbjlimkxmv-texlive-2025-r78234-final-env-texm
fdist/tex/generic/pgf/frontendlayer/tikz/libraries/tikzlibraryplotmarks.code.te
x
File: tikzlibraryplotmarks.code.tex 2025-08-29 v3.1.11a (3.1.11a)

(/nix/store/gnzyg3c8dsj6zwii6j7whjhbjlimkxmv-texlive-2025-r78234-final-env-texm
fdist/tex/generic/pgf/libraries/pgflibraryplotmarks.code.tex
File: pgflibraryplotmarks.code.tex 2025-08-29 v3.1.11a (3.1.11a)
)))
LaTeX Font Info:    Trying to load font information for T1+lmr on input line 17
.

(/nix/store/gnzyg3c8dsj6zwii6j7whjhbjlimkxmv-texlive-2025-r78234-final-env-texm
fdist/tex/latex/lm/t1lmr.fd
File: t1lmr.fd 2015/05/01 v1.6.1 Font defs for Latin Modern
)
(/nix/store/gnzyg3c8dsj6zwii6j7whjhbjlimkxmv-texlive-2025-r78234-final-env-texm
fdist/tex/latex/l3backend/l3backend-pdftex.def
File: l3backend-pdftex.def 2025-10-09 L3 backend support: PDF output (pdfTeX)
\l__color_backend_stack_int=\count327
) (./full.aux)
\openout1 = `full.aux'.

LaTeX Font Info:    Checking defaults for OML/cmm/m/it on input line 17.
LaTeX Font Info:    ... okay on input line 17.
LaTeX Font Info:    Checking defaults for OMS/cmsy/m/n on input line 17.
LaTeX Font Info:    ... okay on input line 17.
LaTeX Font Info:    Checking defaults for OT1/cmr/m/n on input line 17.
LaTeX Font Info:    ... okay on input line 17.
LaTeX Font Info:    Checking defaults for T1/cmr/m/n on input line 17.
LaTeX Font Info:    ... okay on input line 17.
LaTeX Font Info:    Checking defaults for TS1/cmr/m/n on input line 17.
LaTeX Font Info:    ... okay on input line 17.
LaTeX Font Info:    Checking defaults for OMX/cmex/m/n on input line 17.
LaTeX Font Info:    ... okay on input line 17.
LaTeX Font Info:    Checking defaults for U/cmr/m/n on input line 17.
LaTeX Font Info:    ... okay on input line 17.

*geometry* driver: auto-detecting
*geometry* detected driver: pdftex
*geometry* verbose mode - [ preamble ] result:
* driver: pdftex
* paper: <default>
* layout: <same size as paper>
* layoutoffset:(h,v)=(0.0pt,0.0pt)
* modes: 
* h-part:(L,W,R)=(284.52756pt, 237.62225pt, 92.14519pt)
* v-part:(T,H,B)=(28.45274pt, 671.11987pt, 95.39737pt)
* \paperwidth=614.295pt
* \paperheight=794.96999pt
* \textwidth=237.62225pt
* \textheight=671.11987pt
* \oddsidemargin=212.25757pt
* \evensidemargin=212.25757pt
* \topmargin=-80.81725pt
* \headheight=12.0pt
* \headsep=25.0pt
* \topskip=10.0pt
* \footskip=30.0pt
* \marginparwidth=65.0pt
* \marginparsep=11.0pt
* \columnsep=10.0pt
* \skip\footins=9.0pt plus 4.0pt minus 2.0pt
* \hoffset=0.0pt
* \voffset=0.0pt
* \mag=1000
* \@twocolumnfalse
* \@twosidefalse
* \@mparswitchfalse
* \@reversemarginfalse
* (1in=72.27pt=25.4mm, 1cm=28.453pt)


(/nix/store/gnzyg3c8dsj6zwii6j7whjhbjlimkxmv-texlive-2025-r78234-final-env-texm
fdist/tex/context/base/mkii/supp-pdf.mkii
[Loading MPS to PDF converter (version 2006.09.02).]
\scratchcounter=\count328
\scratchdimen=\dimen288
\scratchbox=\box67
\nofMPsegments=\count329
\nofMParguments=\count330
\everyMPshowfont=\toks42
\MPscratchCnt=\count331
\MPscratchDim=\dimen289
\MPnumerator=\count332
\makeMPintoPDFobject=\count333
\everyMPtoPDFconversion=\toks43
)
(/nix/store/gnzyg3c8dsj6zwii6j7whjhbjlimkxmv-texlive-2025-r78234-final-env-texm
fdist/tex/latex/epstopdf-pkg/epstopdf-base.sty
Package: epstopdf-base 2020-01-24 v2.11 Base part for package epstopdf
Package epstopdf-base Info: Redefining graphics rule for `.eps' on input line 4
85.

(/nix/store/gnzyg3c8dsj6zwii6j7whjhbjlimkxmv-texlive-2025-r78234-final-env-texm
fdist/tex/latex/latexconfig/epstopdf-sys.cfg
File: epstopdf-sys.cfg 2010/07/13 v1.3 Configuration of (r)epstopdf for TeX Liv
e
))
Package pgfplots notification 'compat/show suggested version=true': document ha
s been generated with the most recent feature set (\pgfplotsset{compat=1.18}).

LaTeX Font Info:    Trying to load font information for OT1+lmr on input line 2
7.

(/nix/store/gnzyg3c8dsj6zwii6j7whjhbjlimkxmv-texlive-2025-r78234-final-env-texm
fdist/tex/latex/lm/ot1lmr.fd
File: ot1lmr.fd 2015/05/01 v1.6.1 Font defs for Latin Modern
)
LaTeX Font Info:    Trying to load font information for OML+lmm on input line 2
7.

(/nix/store/gnzyg3c8dsj6zwii6j7whjhbjlimkxmv-texlive-2025-r78234-final-env-texm
fdist/tex/latex/lm/omllmm.fd
File: omllmm.fd 2015/05/01 v1.6.1 Font defs for Latin Modern
)
LaTeX Font Info:    Trying to load font information for OMS+lmsy on input line 
27.

(/nix/store/gnzyg3c8dsj6zwii6j7whjhbjlimkxmv-texlive-2025-r78234-final-env-texm
fdist/tex/latex/lm/omslmsy.fd
File: omslmsy.fd 2015/05/01 v1.6.1 Font defs for Latin Modern
)
LaTeX Font Info:    Trying to load font information for OMX+lmex on input line 
27.

(/nix/store/gnzyg3c8dsj6zwii6j7whjhbjlimkxmv-texlive-2025-r78234-final-env-texm
fdist/tex/latex/lm/omxlmex.fd
File: omxlmex.fd 2015/05/01 v1.6.1 Font defs for Latin Modern
)
LaTeX Font Info:    External font `lmex10' loaded for size
(Font)              <10> on input line 27.
LaTeX Font Info:    External font `lmex10' loaded for size
(Font)              <7> on input line 27.
LaTeX Font Info:    External font `lmex10' loaded for size
(Font)              <5> on input line 27.


LaTeX Warning: File `/home/maniacalm/bin/VQVAE_studies/kitten.jpg' not found on
 input line 119.


! Package pdftex.def Error: File `/home/maniacalm/bin/VQVAE_studies/kitten.jpg'
 not found: using draft setting.

See the pdftex.def package documentation for explanation.
Type  H <return>  for immediate help.
 ...                                              
                                                  
l.119 ...e/maniacalm/bin/VQVAE_studies/kitten.jpg}
                                                  %
Try typing  <return>  to proceed.
If that doesn't work, type  X <return>  to quit.

LaTeX Font Info:    Trying to load font information for T1+lmtt on input line 1
19.

(/nix/store/gnzyg3c8dsj6zwii6j7whjhbjlimkxmv-texlive-2025-r78234-final-env-texm
fdist/tex/latex/lm/t1lmtt.fd
File: t1lmtt.fd 2015/05/01 v1.6.1 Font defs for Latin Modern
) [1

{/nix/store/s5kqa2b3azrsq1667z6p11984w35pdsj-texlive-2025-r78234-final-env/shar
e/texmf-var/fonts/map/pdftex/updmap/pdftex.map}{/nix/store/gnzyg3c8dsj6zwii6j7w
hjhbjlimkxmv-texlive-2025-r78234-final-env-texmfdist/fonts/enc/dvips/lm/lm-ec.e
nc}{/nix/store/gnzyg3c8dsj6zwii6j7whjhbjlimkxmv-texlive-2025-r78234-final-env-t
exmfdist/fonts/enc/dvips/lm/lm-rm.enc}{/nix/store/gnzyg3c8dsj6zwii6j7whjhbjlimk
xmv-texlive-2025-r78234-final-env-texmfdist/fonts/enc/dvips/lm/lm-mathsy.enc}{/
nix/store/gnzyg3c8dsj6zwii6j7whjhbjlimkxmv-texlive-2025-r78234-final-env-texmfd
ist/fonts/enc/dvips/lm/lm-mathex.enc}{/nix/store/gnzyg3c8dsj6zwii6j7whjhbjlimkx
mv-texlive-2025-r78234-final-env-texmfdist/fonts/enc/dvips/lm/lm-mathit.enc}]

enddocument/afterlastpage (AED): lastpage setting LastPage.
(./full.aux)
 ***********
LaTeX2e <2025-11-01>
L3 programming layer <2026-01-19>
 ***********


LaTeX Warning: Label(s) may have changed. Rerun to get cross-references right.


Package lastpage Warning: Rerun to get the references right on input line 124.

 ) 
Here is how much of TeX's memory you used:
 24059 strings out of 467535
 644496 string characters out of 5388798
 1165538 words of memory out of 5000000
 52576 multiletter control sequences out of 15000+600000
 659060 words of font info for 58 fonts, out of 8000000 for 9000
 1141 hyphenation exceptions out of 8191
 102i,17n,107p,776b,2169s stack positions out of 10000i,1000n,20000p,200000b,200000s
</nix/store/gnzyg3c8dsj6zwii6j7whjhbjlimkxmv-texlive-2025-r78234-final-env-te
xmfdist/fonts/type1/public/lm/lmbx12.pfb></nix/store/gnzyg3c8dsj6zwii6j7whjhbjl
imkxmv-texlive-2025-r78234-final-env-texmfdist/fonts/type1/public/lm/lmex10.pfb
></nix/store/gnzyg3c8dsj6zwii6j7whjhbjlimkxmv-texlive-2025-r78234-final-env-tex
mfdist/fonts/type1/public/lm/lmmi10.pfb></nix/store/gnzyg3c8dsj6zwii6j7whjhbjli
mkxmv-texlive-2025-r78234-final-env-texmfdist/fonts/type1/public/lm/lmr10.pfb><
/nix/store/gnzyg3c8dsj6zwii6j7whjhbjlimkxmv-texlive-2025-r78234-final-env-texmf
dist/fonts/type1/public/lm/lmri10.pfb></nix/store/gnzyg3c8dsj6zwii6j7whjhbjlimk
xmv-texlive-2025-r78234-final-env-texmfdist/fonts/type1/public/lm/lmsy10.pfb></
nix/store/gnzyg3c8dsj6zwii6j7whjhbjlimkxmv-texlive-2025-r78234-final-env-texmfd
ist/fonts/type1/public/lm/lmtt10.pfb>
Output written on full.pdf (1 page, 114383 bytes).
PDF statistics:
 54 PDF objects out of 1000 (max. 8388607)
 35 compressed objects within 1 object stream
 0 named destinations out of 1000 (max. 500000)
 13 words of extra memory for PDF output out of 10000 (max. 10000000)

