This is pdfTeX, Version 3.141592653-2.6-1.40.27 (TeX Live 2025/nixos.org) (preloaded format=pdflatex 1980.1.1)  1 OCT 2026 20:42
entering extended mode
 restricted \write18 enabled.
 file:line:error style messages enabled.
 %&-line parsing enabled.
**/home/maniacalm/bin/VQVAE_studies/run_data/exp6/full.tex
(/home/maniacalm/bin/VQVAE_studies/run_data/exp6/full.tex
LaTeX2e <2025-11-01>
L3 programming layer <2026-01-19>
(/nix/store/gnzyg3c8dsj6zwii6j7whjhbjlimkxmv-texlive-2025-r78234-final-env-texmfdist/tex/latex/base/article.cls
Document Class: article 2025/01/22 v1.4n Standard LaTeX document class
(/nix/store/gnzyg3c8dsj6zwii6j7whjhbjlimkxmv-texlive-2025-r78234-final-env-texmfdist/tex/latex/base/size10.clo
File: size10.clo 2025/01/22 v1.4n Standard LaTeX file (size option)
)
\c@part=\count275
\c@section=\count276
\c@subsection=\count277
\c@subsubsection=\count278
\c@paragraph=\count279
\c@subparagraph=\count280
\c@figure=\count281
\c@table=\count282
\abovecaptionskip=\skip49
\belowcaptionskip=\skip50
\bibindent=\dimen148
) (/nix/store/gnzyg3c8dsj6zwii6j7whjhbjlimkxmv-texlive-2025-r78234-final-env-texmfdist/tex/latex/base/fontenc.sty
Package: fontenc 2025/07/18 v2.1d Standard LaTeX package
) (/nix/store/gnzyg3c8dsj6zwii6j7whjhbjlimkxmv-texlive-2025-r78234-final-env-texmfdist/tex/latex/base/inputenc.sty
Package: inputenc 2024/02/08 v1.3d Input encoding file
\inpenc@prehook=\toks17
\inpenc@posthook=\toks18
) (/nix/store/gnzyg3c8dsj6zwii6j7whjhbjlimkxmv-texlive-2025-r78234-final-env-texmfdist/tex/latex/lm/lmodern.sty
Package: lmodern 2015/05/01 v1.6.1 Latin Modern Fonts
LaTeX Font Info:    Overwriting symbol font `operators' in version `normal'
(Font)                  OT1/cmr/m/n --> OT1/lmr/m/n on input line 22.
LaTeX Font Info:    Overwriting symbol font `letters' in version `normal'
(Font)                  OML/cmm/m/it --> OML/lmm/m/it on input line 23.
LaTeX Font Info:    Overwriting symbol font `symbols' in version `normal'
(Font)                  OMS/cmsy/m/n --> OMS/lmsy/m/n on input line 24.
LaTeX Font Info:    Overwriting symbol font `largesymbols' in version `normal'
(Font)                  OMX/cmex/m/n --> OMX/lmex/m/n on input line 25.
LaTeX Font Info:    Overwriting symbol font `operators' in version `bold'
(Font)                  OT1/cmr/bx/n --> OT1/lmr/bx/n on input line 26.
LaTeX Font Info:    Overwriting symbol font `letters' in version `bold'
(Font)                  OML/cmm/b/it --> OML/lmm/b/it on input line 27.
LaTeX Font Info:    Overwriting symbol font `symbols' in version `bold'
(Font)                  OMS/cmsy/b/n --> OMS/lmsy/b/n on input line 28.
LaTeX Font Info:    Overwriting symbol font `largesymbols' in version `bold'
(Font)                  OMX/cmex/m/n --> OMX/lmex/m/n on input line 29.
LaTeX Font Info:    Overwriting math alphabet `\mathbf' in version `normal'
(Font)                  OT1/cmr/bx/n --> OT1/lmr/bx/n on input line 31.
LaTeX Font Info:    Overwriting math alphabet `\mathsf' in version `normal'
(Font)                  OT1/cmss/m/n --> OT1/lmss/m/n on input line 32.
LaTeX Font Info:    Overwriting math alphabet `\mathit' in version `normal'
(Font)                  OT1/cmr/m/it --> OT1/lmr/m/it on input line 33.
LaTeX Font Info:    Overwriting math alphabet `\mathtt' in version `normal'
(Font)                  OT1/cmtt/m/n --> OT1/lmtt/m/n on input line 34.
LaTeX Font Info:    Overwriting math alphabet `\mathbf' in version `bold'
(Font)                  OT1/cmr/bx/n --> OT1/lmr/bx/n on input line 35.
LaTeX Font Info:    Overwriting math alphabet `\mathsf' in version `bold'
(Font)                  OT1/cmss/bx/n --> OT1/lmss/bx/n on input line 36.
LaTeX Font Info:    Overwriting math alphabet `\mathit' in version `bold'
(Font)                  OT1/cmr/bx/it --> OT1/lmr/bx/it on input line 37.
LaTeX Font Info:    Overwriting math alphabet `\mathtt' in version `bold'
(Font)                  OT1/cmtt/m/n --> OT1/lmtt/m/n on input line 38.
) (/nix/store/gnzyg3c8dsj6zwii6j7whjhbjlimkxmv-texlive-2025-r78234-final-env-texmfdist/tex/latex/base/textcomp.sty
Package: textcomp 2024/04/24 v2.1b Standard LaTeX package
) (/nix/store/gnzyg3c8dsj6zwii6j7whjhbjlimkxmv-texlive-2025-r78234-final-env-texmfdist/tex/latex/lastpage/lastpage.sty
Package: lastpage 2025/08/14 v2.1h lastpage: 2.09 or 2e? (HMM)
 (/nix/store/gnzyg3c8dsj6zwii6j7whjhbjlimkxmv-texlive-2025-r78234-final-env-texmfdist/tex/latex/lastpage/lastpage2e.sty
Package: lastpage2e 2025/08/14 v2.1h Decide which 2e lastpage version to use (HMM)
 (/nix/store/gnzyg3c8dsj6zwii6j7whjhbjlimkxmv-texlive-2025-r78234-final-env-texmfdist/tex/latex/lastpage/lastpagemodern.sty
Package: lastpagemodern 2025-08-14 v2.1h Refers to last page's name (HMM; JPG)
\c@lastpagecount=\count283
) 
)) (/nix/store/gnzyg3c8dsj6zwii6j7whjhbjlimkxmv-texlive-2025-r78234-final-env-texmfdist/tex/latex/geometry/geometry.sty
Package: geometry 2020/01/02 v5.9 Page Geometry
 (/nix/store/gnzyg3c8dsj6zwii6j7whjhbjlimkxmv-texlive-2025-r78234-final-env-texmfdist/tex/latex/graphics/keyval.sty
Package: keyval 2022/05/29 v1.15 key=value parser (DPC)
\KV@toks@=\toks19
) (/nix/store/gnzyg3c8dsj6zwii6j7whjhbjlimkxmv-texlive-2025-r78234-final-env-texmfdist/tex/generic/iftex/ifvtex.sty
Package: ifvtex 2019/10/25 v1.7 ifvtex legacy package. Use iftex instead.
 (/nix/store/gnzyg3c8dsj6zwii6j7whjhbjlimkxmv-texlive-2025-r78234-final-env-texmfdist/tex/generic/iftex/iftex.sty
Package: iftex 2024/12/12 v1.0g TeX engine tests
))
\Gm@cnth=\count284
\Gm@cntv=\count285
\c@Gm@tempcnt=\count286
\Gm@bindingoffset=\dimen149
\Gm@wd@mp=\dimen150
\Gm@odd@mp=\dimen151
\Gm@even@mp=\dimen152
\Gm@layoutwidth=\dimen153
\Gm@layoutheight=\dimen154
\Gm@layouthoffset=\dimen155
\Gm@layoutvoffset=\dimen156
\Gm@dimlist=\toks20
) (/nix/store/gnzyg3c8dsj6zwii6j7whjhbjlimkxmv-texlive-2025-r78234-final-env-texmfdist/tex/latex/graphics/graphicx.sty
Package: graphicx 2024/12/31 v1.2e Enhanced LaTeX Graphics (DPC,SPQR)
 (/nix/store/gnzyg3c8dsj6zwii6j7whjhbjlimkxmv-texlive-2025-r78234-final-env-texmfdist/tex/latex/graphics/graphics.sty
Package: graphics 2024/08/06 v1.4g Standard LaTeX Graphics (DPC,SPQR)
 (/nix/store/gnzyg3c8dsj6zwii6j7whjhbjlimkxmv-texlive-2025-r78234-final-env-texmfdist/tex/latex/graphics/trig.sty
Package: trig 2023/12/02 v1.11 sin cos tan (DPC)
) (/nix/store/gnzyg3c8dsj6zwii6j7whjhbjlimkxmv-texlive-2025-r78234-final-env-texmfdist/tex/latex/graphics-cfg/graphics.cfg
File: graphics.cfg 2016/06/04 v1.11 sample graphics configuration
)
Package graphics Info: Driver file: pdftex.def on input line 106.
 (/nix/store/gnzyg3c8dsj6zwii6j7whjhbjlimkxmv-texlive-2025-r78234-final-env-texmfdist/tex/latex/graphics-def/pdftex.def
File: pdftex.def 2025/09/29 v1.2d Graphics/color driver for pdftex
))
\Gin@req@height=\dimen157
\Gin@req@width=\dimen158
) (/nix/store/gnzyg3c8dsj6zwii6j7whjhbjlimkxmv-texlive-2025-r78234-final-env-texmfdist/tex/latex/caption/subcaption.sty
Package: subcaption 2023/07/28 v1.6b Sub-captions (AR)
 (/nix/store/gnzyg3c8dsj6zwii6j7whjhbjlimkxmv-texlive-2025-r78234-final-env-texmfdist/tex/latex/caption/caption.sty
Package: caption 2023/08/05 v3.6o Customizing captions (AR)
 (/nix/store/gnzyg3c8dsj6zwii6j7whjhbjlimkxmv-texlive-2025-r78234-final-env-texmfdist/tex/latex/caption/caption3.sty
Package: caption3 2023/07/31 v2.4d caption3 kernel (AR)
\caption@tempdima=\dimen159
\captionmargin=\dimen160
\caption@leftmargin=\dimen161
\caption@rightmargin=\dimen162
\caption@width=\dimen163
\caption@indent=\dimen164
\caption@parindent=\dimen165
\caption@hangindent=\dimen166
Package caption Info: Standard document class detected.
)
\c@caption@flags=\count287
\c@continuedfloat=\count288
)
Package caption Info: New subtype `subfigure' on input line 238.
\c@subfigure=\count289
Package caption Info: New subtype `subtable' on input line 238.
\c@subtable=\count290
)
LaTeX Font Info:    Trying to load font information for T1+lmr on input line 14.
 (/nix/store/gnzyg3c8dsj6zwii6j7whjhbjlimkxmv-texlive-2025-r78234-final-env-texmfdist/tex/latex/lm/t1lmr.fd
File: t1lmr.fd 2015/05/01 v1.6.1 Font defs for Latin Modern
) (/nix/store/gnzyg3c8dsj6zwii6j7whjhbjlimkxmv-texlive-2025-r78234-final-env-texmfdist/tex/latex/l3backend/l3backend-pdftex.def
File: l3backend-pdftex.def 2025-10-09 L3 backend support: PDF output (pdfTeX)
\l__color_backend_stack_int=\count291
) (./full.aux)
\openout1 = `full.aux'.

LaTeX Font Info:    Checking defaults for OML/cmm/m/it on input line 14.
LaTeX Font Info:    ... okay on input line 14.
LaTeX Font Info:    Checking defaults for OMS/cmsy/m/n on input line 14.
LaTeX Font Info:    ... okay on input line 14.
LaTeX Font Info:    Checking defaults for OT1/cmr/m/n on input line 14.
LaTeX Font Info:    ... okay on input line 14.
LaTeX Font Info:    Checking defaults for T1/cmr/m/n on input line 14.
LaTeX Font Info:    ... okay on input line 14.
LaTeX Font Info:    Checking defaults for TS1/cmr/m/n on input line 14.
LaTeX Font Info:    ... okay on input line 14.
LaTeX Font Info:    Checking defaults for OMX/cmex/m/n on input line 14.
LaTeX Font Info:    ... okay on input line 14.
LaTeX Font Info:    Checking defaults for U/cmr/m/n on input line 14.
LaTeX Font Info:    ... okay on input line 14.

*geometry* driver: auto-detecting
*geometry* detected driver: pdftex
*geometry* verbose mode - [ preamble ] result:
* driver: pdftex
* paper: <default>
* layout: <same size as paper>
* layoutoffset:(h,v)=(0.0pt,0.0pt)
* modes: 
* h-part:(L,W,R)=(142.26378pt, 379.88603pt, 92.14519pt)
* v-part:(T,H,B)=(142.26378pt, 557.30884pt, 95.39737pt)
* \paperwidth=614.295pt
* \paperheight=794.96999pt
* \textwidth=379.88603pt
* \textheight=557.30884pt
* \oddsidemargin=69.99379pt
* \evensidemargin=69.99379pt
* \topmargin=32.99379pt
* \headheight=12.0pt
* \headsep=25.0pt
* \topskip=10.0pt
* \footskip=30.0pt
* \marginparwidth=65.0pt
* \marginparsep=11.0pt
* \columnsep=10.0pt
* \skip\footins=9.0pt plus 4.0pt minus 2.0pt
* \hoffset=0.0pt
* \voffset=0.0pt
* \mag=1000
* \@twocolumnfalse
* \@twosidefalse
* \@mparswitchfalse
* \@reversemarginfalse
* (1in=72.27pt=25.4mm, 1cm=28.453pt)

(/nix/store/gnzyg3c8dsj6zwii6j7whjhbjlimkxmv-texlive-2025-r78234-final-env-texmfdist/tex/context/base/mkii/supp-pdf.mkii
[Loading MPS to PDF converter (version 2006.09.02).]
\scratchcounter=\count292
\scratchdimen=\dimen167
\scratchbox=\box53
\nofMPsegments=\count293
\nofMParguments=\count294
\everyMPshowfont=\toks21
\MPscratchCnt=\count295
\MPscratchDim=\dimen168
\MPnumerator=\count296
\makeMPintoPDFobject=\count297
\everyMPtoPDFconversion=\toks22
) (/nix/store/gnzyg3c8dsj6zwii6j7whjhbjlimkxmv-texlive-2025-r78234-final-env-texmfdist/tex/latex/epstopdf-pkg/epstopdf-base.sty
Package: epstopdf-base 2020-01-24 v2.11 Base part for package epstopdf
Package epstopdf-base Info: Redefining graphics rule for `.eps' on input line 485.
 (/nix/store/gnzyg3c8dsj6zwii6j7whjhbjlimkxmv-texlive-2025-r78234-final-env-texmfdist/tex/latex/latexconfig/epstopdf-sys.cfg
File: epstopdf-sys.cfg 2010/07/13 v1.3 Configuration of (r)epstopdf for TeX Live
))
Package caption Info: Begin \AtBeginDocument code.
Package caption Info: End \AtBeginDocument code.
</home/maniacalm/bin/VQVAE_studies/run_data/exp6/images/loss_vs_ncodes_0,01.png, id=1, 462.528pt x 346.896pt>
File: /home/maniacalm/bin/VQVAE_studies/run_data/exp6/images/loss_vs_ncodes_0,01.png Graphic file (type png)
<use /home/maniacalm/bin/VQVAE_studies/run_data/exp6/images/loss_vs_ncodes_0,01.png>
Package pdftex.def Info: /home/maniacalm/bin/VQVAE_studies/run_data/exp6/images/loss_vs_ncodes_0,01.png  used on input line 24.
(pdftex.def)             Requested size: 120.45044pt x 90.33374pt.
</home/maniacalm/bin/VQVAE_studies/run_data/exp6/SNR:0.01-Run:1nmzlzg5/output_0.png, id=3, 867.24pt x 289.08pt>
File: /home/maniacalm/bin/VQVAE_studies/run_data/exp6/SNR:0.01-Run:1nmzlzg5/output_0.png Graphic file (type png)
<use /home/maniacalm/bin/VQVAE_studies/run_data/exp6/SNR:0.01-Run:1nmzlzg5/output_0.png>
Package pdftex.def Info: /home/maniacalm/bin/VQVAE_studies/run_data/exp6/SNR:0.01-Run:1nmzlzg5/output_0.png  used on input line 33.
(pdftex.def)             Requested size: 170.94754pt x 56.9813pt.
</home/maniacalm/bin/VQVAE_studies/run_data/exp6/SNR:0.01-Run:202krmqf/output_0.png, id=4, 867.24pt x 289.08pt>
File: /home/maniacalm/bin/VQVAE_studies/run_data/exp6/SNR:0.01-Run:202krmqf/output_0.png Graphic file (type png)
<use /home/maniacalm/bin/VQVAE_studies/run_data/exp6/SNR:0.01-Run:202krmqf/output_0.png>
Package pdftex.def Info: /home/maniacalm/bin/VQVAE_studies/run_data/exp6/SNR:0.01-Run:202krmqf/output_0.png  used on input line 37.
(pdftex.def)             Requested size: 170.94754pt x 56.9813pt.
</home/maniacalm/bin/VQVAE_studies/run_data/exp6/SNR:0.01-Run:1r7irunr/output_0.png, id=5, 867.24pt x 289.08pt>
File: /home/maniacalm/bin/VQVAE_studies/run_data/exp6/SNR:0.01-Run:1r7irunr/output_0.png Graphic file (type png)
<use /home/maniacalm/bin/VQVAE_studies/run_data/exp6/SNR:0.01-Run:1r7irunr/output_0.png>
Package pdftex.def Info: /home/maniacalm/bin/VQVAE_studies/run_data/exp6/SNR:0.01-Run:1r7irunr/output_0.png  used on input line 41.
(pdftex.def)             Requested size: 170.94754pt x 56.9813pt.

Overfull \hbox (132.95659pt too wide) in paragraph at lines 32--44
[][][][] 
 []

</home/maniacalm/bin/VQVAE_studies/run_data/exp6/images/comparative_plot_0,01.png, id=6, 462.528pt x 346.896pt>
File: /home/maniacalm/bin/VQVAE_studies/run_data/exp6/images/comparative_plot_0,01.png Graphic file (type png)
<use /home/maniacalm/bin/VQVAE_studies/run_data/exp6/images/comparative_plot_0,01.png>
Package pdftex.def Info: /home/maniacalm/bin/VQVAE_studies/run_data/exp6/images/comparative_plot_0,01.png  used on input line 52.
(pdftex.def)             Requested size: 120.45044pt x 90.33374pt.
</home/maniacalm/bin/VQVAE_studies/run_data/exp6/images/loss_vs_ncodes_0,0193.png, id=7, 462.528pt x 346.896pt>
File: /home/maniacalm/bin/VQVAE_studies/run_data/exp6/images/loss_vs_ncodes_0,0193.png Graphic file (type png)
<use /home/maniacalm/bin/VQVAE_studies/run_data/exp6/images/loss_vs_ncodes_0,0193.png>
Package pdftex.def Info: /home/maniacalm/bin/VQVAE_studies/run_data/exp6/images/loss_vs_ncodes_0,0193.png  used on input line 63.
(pdftex.def)             Requested size: 120.45044pt x 90.33374pt.

LaTeX Warning: `!h' float specifier changed to `!ht'.

</home/maniacalm/bin/VQVAE_studies/run_data/exp6/SNR:0.0193-Run:33l6b51u/output_0.png, id=8, 867.24pt x 289.08pt>
File: /home/maniacalm/bin/VQVAE_studies/run_data/exp6/SNR:0.0193-Run:33l6b51u/output_0.png Graphic file (type png)
<use /home/maniacalm/bin/VQVAE_studies/run_data/exp6/SNR:0.0193-Run:33l6b51u/output_0.png>
Package pdftex.def Info: /home/maniacalm/bin/VQVAE_studies/run_data/exp6/SNR:0.0193-Run:33l6b51u/output_0.png  used on input line 72.
(pdftex.def)             Requested size: 170.94754pt x 56.9813pt.
</home/maniacalm/bin/VQVAE_studies/run_data/exp6/SNR:0.0193-Run:3d5jrduo/output_0.png, id=9, 867.24pt x 289.08pt>
File: /home/maniacalm/bin/VQVAE_studies/run_data/exp6/SNR:0.0193-Run:3d5jrduo/output_0.png Graphic file (type png)
<use /home/maniacalm/bin/VQVAE_studies/run_data/exp6/SNR:0.0193-Run:3d5jrduo/output_0.png>
Package pdftex.def Info: /home/maniacalm/bin/VQVAE_studies/run_data/exp6/SNR:0.0193-Run:3d5jrduo/output_0.png  used on input line 76.
(pdftex.def)             Requested size: 170.94754pt x 56.9813pt.
</home/maniacalm/bin/VQVAE_studies/run_data/exp6/SNR:0.0193-Run:19pn7nq2/output_0.png, id=10, 867.24pt x 289.08pt>
File: /home/maniacalm/bin/VQVAE_studies/run_data/exp6/SNR:0.0193-Run:19pn7nq2/output_0.png Graphic file (type png)
<use /home/maniacalm/bin/VQVAE_studies/run_data/exp6/SNR:0.0193-Run:19pn7nq2/output_0.png>
Package pdftex.def Info: /home/maniacalm/bin/VQVAE_studies/run_data/exp6/SNR:0.0193-Run:19pn7nq2/output_0.png  used on input line 80.
(pdftex.def)             Requested size: 170.94754pt x 56.9813pt.

Overfull \hbox (132.95659pt too wide) in paragraph at lines 71--83
[][][][] 
 []


LaTeX Warning: `!h' float specifier changed to `!ht'.

</home/maniacalm/bin/VQVAE_studies/run_data/exp6/images/comparative_plot_0,0193.png, id=11, 462.528pt x 346.896pt>
File: /home/maniacalm/bin/VQVAE_studies/run_data/exp6/images/comparative_plot_0,0193.png Graphic file (type png)
<use /home/maniacalm/bin/VQVAE_studies/run_data/exp6/images/comparative_plot_0,0193.png>
Package pdftex.def Info: /home/maniacalm/bin/VQVAE_studies/run_data/exp6/images/comparative_plot_0,0193.png  used on input line 91.
(pdftex.def)             Requested size: 120.45044pt x 90.33374pt.

LaTeX Warning: `!h' float specifier changed to `!ht'.

</home/maniacalm/bin/VQVAE_studies/run_data/exp6/images/loss_vs_ncodes_0,0373.png, id=12, 462.528pt x 346.896pt>
File: /home/maniacalm/bin/VQVAE_studies/run_data/exp6/images/loss_vs_ncodes_0,0373.png Graphic file (type png)
<use /home/maniacalm/bin/VQVAE_studies/run_data/exp6/images/loss_vs_ncodes_0,0373.png>
Package pdftex.def Info: /home/maniacalm/bin/VQVAE_studies/run_data/exp6/images/loss_vs_ncodes_0,0373.png  used on input line 102.
(pdftex.def)             Requested size: 120.45044pt x 90.33374pt.

LaTeX Warning: `!h' float specifier changed to `!ht'.

</home/maniacalm/bin/VQVAE_studies/run_data/exp6/SNR:0.0373-Run:3007u098/output_0.png, id=13, 867.24pt x 289.08pt>
File: /home/maniacalm/bin/VQVAE_studies/run_data/exp6/SNR:0.0373-Run:3007u098/output_0.png Graphic file (type png)
<use /home/maniacalm/bin/VQVAE_studies/run_data/exp6/SNR:0.0373-Run:3007u098/output_0.png>
Package pdftex.def Info: /home/maniacalm/bin/VQVAE_studies/run_data/exp6/SNR:0.0373-Run:3007u098/output_0.png  used on input line 111.
(pdftex.def)             Requested size: 170.94754pt x 56.9813pt.
</home/maniacalm/bin/VQVAE_studies/run_data/exp6/SNR:0.0373-Run:2axh5f6x/output_0.png, id=14, 867.24pt x 289.08pt>
File: /home/maniacalm/bin/VQVAE_studies/run_data/exp6/SNR:0.0373-Run:2axh5f6x/output_0.png Graphic file (type png)
<use /home/maniacalm/bin/VQVAE_studies/run_data/exp6/SNR:0.0373-Run:2axh5f6x/output_0.png>
Package pdftex.def Info: /home/maniacalm/bin/VQVAE_studies/run_data/exp6/SNR:0.0373-Run:2axh5f6x/output_0.png  used on input line 115.
(pdftex.def)             Requested size: 170.94754pt x 56.9813pt.
</home/maniacalm/bin/VQVAE_studies/run_data/exp6/SNR:0.0373-Run:2rg33njz/output_0.png, id=15, 867.24pt x 289.08pt>
File: /home/maniacalm/bin/VQVAE_studies/run_data/exp6/SNR:0.0373-Run:2rg33njz/output_0.png Graphic file (type png)
<use /home/maniacalm/bin/VQVAE_studies/run_data/exp6/SNR:0.0373-Run:2rg33njz/output_0.png>
Package pdftex.def Info: /home/maniacalm/bin/VQVAE_studies/run_data/exp6/SNR:0.0373-Run:2rg33njz/output_0.png  used on input line 119.
(pdftex.def)             Requested size: 170.94754pt x 56.9813pt.

Overfull \hbox (132.95659pt too wide) in paragraph at lines 110--122
[][][][] 
 []


LaTeX Warning: `!h' float specifier changed to `!ht'.

</home/maniacalm/bin/VQVAE_studies/run_data/exp6/images/comparative_plot_0,0373.png, id=16, 462.528pt x 346.896pt>
File: /home/maniacalm/bin/VQVAE_studies/run_data/exp6/images/comparative_plot_0,0373.png Graphic file (type png)
<use /home/maniacalm/bin/VQVAE_studies/run_data/exp6/images/comparative_plot_0,0373.png>
Package pdftex.def Info: /home/maniacalm/bin/VQVAE_studies/run_data/exp6/images/comparative_plot_0,0373.png  used on input line 130.
(pdftex.def)             Requested size: 120.45044pt x 90.33374pt.

LaTeX Warning: `!h' float specifier changed to `!ht'.

</home/maniacalm/bin/VQVAE_studies/run_data/exp6/images/loss_vs_ncodes_0,072.png, id=17, 462.528pt x 346.896pt>
File: /home/maniacalm/bin/VQVAE_studies/run_data/exp6/images/loss_vs_ncodes_0,072.png Graphic file (type png)
<use /home/maniacalm/bin/VQVAE_studies/run_data/exp6/images/loss_vs_ncodes_0,072.png>
Package pdftex.def Info: /home/maniacalm/bin/VQVAE_studies/run_data/exp6/images/loss_vs_ncodes_0,072.png  used on input line 141.
(pdftex.def)             Requested size: 120.45044pt x 90.33374pt.

LaTeX Warning: `!h' float specifier changed to `!ht'.

</home/maniacalm/bin/VQVAE_studies/run_data/exp6/SNR:0.072-Run:1bnvs3o8/output_0.png, id=18, 867.24pt x 289.08pt>
File: /home/maniacalm/bin/VQVAE_studies/run_data/exp6/SNR:0.072-Run:1bnvs3o8/output_0.png Graphic file (type png)
<use /home/maniacalm/bin/VQVAE_studies/run_data/exp6/SNR:0.072-Run:1bnvs3o8/output_0.png>
Package pdftex.def Info: /home/maniacalm/bin/VQVAE_studies/run_data/exp6/SNR:0.072-Run:1bnvs3o8/output_0.png  used on input line 150.
(pdftex.def)             Requested size: 170.94754pt x 56.9813pt.
</home/maniacalm/bin/VQVAE_studies/run_data/exp6/SNR:0.072-Run:3gc80fuo/output_0.png, id=19, 867.24pt x 289.08pt>
File: /home/maniacalm/bin/VQVAE_studies/run_data/exp6/SNR:0.072-Run:3gc80fuo/output_0.png Graphic file (type png)
<use /home/maniacalm/bin/VQVAE_studies/run_data/exp6/SNR:0.072-Run:3gc80fuo/output_0.png>
Package pdftex.def Info: /home/maniacalm/bin/VQVAE_studies/run_data/exp6/SNR:0.072-Run:3gc80fuo/output_0.png  used on input line 154.
(pdftex.def)             Requested size: 170.94754pt x 56.9813pt.
</home/maniacalm/bin/VQVAE_studies/run_data/exp6/SNR:0.072-Run:3f0nclfq/output_0.png, id=20, 867.24pt x 289.08pt>
File: /home/maniacalm/bin/VQVAE_studies/run_data/exp6/SNR:0.072-Run:3f0nclfq/output_0.png Graphic file (type png)
<use /home/maniacalm/bin/VQVAE_studies/run_data/exp6/SNR:0.072-Run:3f0nclfq/output_0.png>
Package pdftex.def Info: /home/maniacalm/bin/VQVAE_studies/run_data/exp6/SNR:0.072-Run:3f0nclfq/output_0.png  used on input line 158.
(pdftex.def)             Requested size: 170.94754pt x 56.9813pt.

Overfull \hbox (132.95659pt too wide) in paragraph at lines 149--161
[][][][] 
 []


LaTeX Warning: `!h' float specifier changed to `!ht'.

</home/maniacalm/bin/VQVAE_studies/run_data/exp6/images/comparative_plot_0,072.png, id=21, 462.528pt x 346.896pt>
File: /home/maniacalm/bin/VQVAE_studies/run_data/exp6/images/comparative_plot_0,072.png Graphic file (type png)
<use /home/maniacalm/bin/VQVAE_studies/run_data/exp6/images/comparative_plot_0,072.png>
Package pdftex.def Info: /home/maniacalm/bin/VQVAE_studies/run_data/exp6/images/comparative_plot_0,072.png  used on input line 169.
(pdftex.def)             Requested size: 120.45044pt x 90.33374pt.

LaTeX Warning: `!h' float specifier changed to `!ht'.

</home/maniacalm/bin/VQVAE_studies/run_data/exp6/images/loss_vs_ncodes_0,139.png, id=22, 462.528pt x 346.896pt>
File: /home/maniacalm/bin/VQVAE_studies/run_data/exp6/images/loss_vs_ncodes_0,139.png Graphic file (type png)
<use /home/maniacalm/bin/VQVAE_studies/run_data/exp6/images/loss_vs_ncodes_0,139.png>
Package pdftex.def Info: /home/maniacalm/bin/VQVAE_studies/run_data/exp6/images/loss_vs_ncodes_0,139.png  used on input line 180.
(pdftex.def)             Requested size: 120.45044pt x 90.33374pt.

LaTeX Warning: `!h' float specifier changed to `!ht'.

</home/maniacalm/bin/VQVAE_studies/run_data/exp6/SNR:0.139-Run:2gub06hx/output_0.png, id=23, 867.24pt x 289.08pt>
File: /home/maniacalm/bin/VQVAE_studies/run_data/exp6/SNR:0.139-Run:2gub06hx/output_0.png Graphic file (type png)
<use /home/maniacalm/bin/VQVAE_studies/run_data/exp6/SNR:0.139-Run:2gub06hx/output_0.png>
Package pdftex.def Info: /home/maniacalm/bin/VQVAE_studies/run_data/exp6/SNR:0.139-Run:2gub06hx/output_0.png  used on input line 189.
(pdftex.def)             Requested size: 170.94754pt x 56.9813pt.
</home/maniacalm/bin/VQVAE_studies/run_data/exp6/SNR:0.139-Run:2m83jr03/output_0.png, id=24, 867.24pt x 289.08pt>
File: /home/maniacalm/bin/VQVAE_studies/run_data/exp6/SNR:0.139-Run:2m83jr03/output_0.png Graphic file (type png)
<use /home/maniacalm/bin/VQVAE_studies/run_data/exp6/SNR:0.139-Run:2m83jr03/output_0.png>
Package pdftex.def Info: /home/maniacalm/bin/VQVAE_studies/run_data/exp6/SNR:0.139-Run:2m83jr03/output_0.png  used on input line 193.
(pdftex.def)             Requested size: 170.94754pt x 56.9813pt.
</home/maniacalm/bin/VQVAE_studies/run_data/exp6/SNR:0.139-Run:341c6otc/output_0.png, id=25, 867.24pt x 289.08pt>
File: /home/maniacalm/bin/VQVAE_studies/run_data/exp6/SNR:0.139-Run:341c6otc/output_0.png Graphic file (type png)
<use /home/maniacalm/bin/VQVAE_studies/run_data/exp6/SNR:0.139-Run:341c6otc/output_0.png>
Package pdftex.def Info: /home/maniacalm/bin/VQVAE_studies/run_data/exp6/SNR:0.139-Run:341c6otc/output_0.png  used on input line 197.
(pdftex.def)             Requested size: 170.94754pt x 56.9813pt.

Overfull \hbox (132.95659pt too wide) in paragraph at lines 188--200
[][][][] 
 []


LaTeX Warning: `!h' float specifier changed to `!ht'.

</home/maniacalm/bin/VQVAE_studies/run_data/exp6/images/comparative_plot_0,139.png, id=26, 462.528pt x 346.896pt>
File: /home/maniacalm/bin/VQVAE_studies/run_data/exp6/images/comparative_plot_0,139.png Graphic file (type png)
<use /home/maniacalm/bin/VQVAE_studies/run_data/exp6/images/comparative_plot_0,139.png>
Package pdftex.def Info: /home/maniacalm/bin/VQVAE_studies/run_data/exp6/images/comparative_plot_0,139.png  used on input line 208.
(pdftex.def)             Requested size: 120.45044pt x 90.33374pt.

LaTeX Warning: `!h' float specifier changed to `!ht'.

</home/maniacalm/bin/VQVAE_studies/run_data/exp6/images/loss_vs_ncodes_0,268.png, id=27, 462.528pt x 346.896pt>
File: /home/maniacalm/bin/VQVAE_studies/run_data/exp6/images/loss_vs_ncodes_0,268.png Graphic file (type png)
<use /home/maniacalm/bin/VQVAE_studies/run_data/exp6/images/loss_vs_ncodes_0,268.png>
Package pdftex.def Info: /home/maniacalm/bin/VQVAE_studies/run_data/exp6/images/loss_vs_ncodes_0,268.png  used on input line 219.
(pdftex.def)             Requested size: 120.45044pt x 90.33374pt.

LaTeX Warning: `!h' float specifier changed to `!ht'.

</home/maniacalm/bin/VQVAE_studies/run_data/exp6/SNR:0.268-Run:38v3u1mo/output_0.png, id=28, 867.24pt x 289.08pt>
File: /home/maniacalm/bin/VQVAE_studies/run_data/exp6/SNR:0.268-Run:38v3u1mo/output_0.png Graphic file (type png)
<use /home/maniacalm/bin/VQVAE_studies/run_data/exp6/SNR:0.268-Run:38v3u1mo/output_0.png>
Package pdftex.def Info: /home/maniacalm/bin/VQVAE_studies/run_data/exp6/SNR:0.268-Run:38v3u1mo/output_0.png  used on input line 228.
(pdftex.def)             Requested size: 170.94754pt x 56.9813pt.
</home/maniacalm/bin/VQVAE_studies/run_data/exp6/SNR:0.268-Run:3u35ybnr/output_0.png, id=29, 867.24pt x 289.08pt>
File: /home/maniacalm/bin/VQVAE_studies/run_data/exp6/SNR:0.268-Run:3u35ybnr/output_0.png Graphic file (type png)
<use /home/maniacalm/bin/VQVAE_studies/run_data/exp6/SNR:0.268-Run:3u35ybnr/output_0.png>
Package pdftex.def Info: /home/maniacalm/bin/VQVAE_studies/run_data/exp6/SNR:0.268-Run:3u35ybnr/output_0.png  used on input line 232.
(pdftex.def)             Requested size: 170.94754pt x 56.9813pt.
</home/maniacalm/bin/VQVAE_studies/run_data/exp6/SNR:0.268-Run:1qls8uvd/output_0.png, id=30, 867.24pt x 289.08pt>
File: /home/maniacalm/bin/VQVAE_studies/run_data/exp6/SNR:0.268-Run:1qls8uvd/output_0.png Graphic file (type png)
<use /home/maniacalm/bin/VQVAE_studies/run_data/exp6/SNR:0.268-Run:1qls8uvd/output_0.png>
Package pdftex.def Info: /home/maniacalm/bin/VQVAE_studies/run_data/exp6/SNR:0.268-Run:1qls8uvd/output_0.png  used on input line 236.
(pdftex.def)             Requested size: 170.94754pt x 56.9813pt.

Overfull \hbox (132.95659pt too wide) in paragraph at lines 227--239
[][][][] 
 []


LaTeX Warning: `!h' float specifier changed to `!ht'.

</home/maniacalm/bin/VQVAE_studies/run_data/exp6/images/comparative_plot_0,268.png, id=31, 462.528pt x 346.896pt>
File: /home/maniacalm/bin/VQVAE_studies/run_data/exp6/images/comparative_plot_0,268.png Graphic file (type png)
<use /home/maniacalm/bin/VQVAE_studies/run_data/exp6/images/comparative_plot_0,268.png>
Package pdftex.def Info: /home/maniacalm/bin/VQVAE_studies/run_data/exp6/images/comparative_plot_0,268.png  used on input line 247.
(pdftex.def)             Requested size: 120.45044pt x 90.33374pt.

LaTeX Warning: `!h' float specifier changed to `!ht'.

</home/maniacalm/bin/VQVAE_studies/run_data/exp6/images/loss_vs_ncodes_0,518.png, id=32, 462.528pt x 346.896pt>
File: /home/maniacalm/bin/VQVAE_studies/run_data/exp6/images/loss_vs_ncodes_0,518.png Graphic file (type png)
<use /home/maniacalm/bin/VQVAE_studies/run_data/exp6/images/loss_vs_ncodes_0,518.png>
Package pdftex.def Info: /home/maniacalm/bin/VQVAE_studies/run_data/exp6/images/loss_vs_ncodes_0,518.png  used on input line 258.
(pdftex.def)             Requested size: 120.45044pt x 90.33374pt.

LaTeX Warning: `!h' float specifier changed to `!ht'.

</home/maniacalm/bin/VQVAE_studies/run_data/exp6/SNR:0.518-Run:ju6hqhlc/output_0.png, id=33, 867.24pt x 289.08pt>
File: /home/maniacalm/bin/VQVAE_studies/run_data/exp6/SNR:0.518-Run:ju6hqhlc/output_0.png Graphic file (type png)
<use /home/maniacalm/bin/VQVAE_studies/run_data/exp6/SNR:0.518-Run:ju6hqhlc/output_0.png>
Package pdftex.def Info: /home/maniacalm/bin/VQVAE_studies/run_data/exp6/SNR:0.518-Run:ju6hqhlc/output_0.png  used on input line 267.
(pdftex.def)             Requested size: 170.94754pt x 56.9813pt.
</home/maniacalm/bin/VQVAE_studies/run_data/exp6/SNR:0.518-Run:ljtazqrc/output_0.png, id=34, 867.24pt x 289.08pt>
File: /home/maniacalm/bin/VQVAE_studies/run_data/exp6/SNR:0.518-Run:ljtazqrc/output_0.png Graphic file (type png)
<use /home/maniacalm/bin/VQVAE_studies/run_data/exp6/SNR:0.518-Run:ljtazqrc/output_0.png>
Package pdftex.def Info: /home/maniacalm/bin/VQVAE_studies/run_data/exp6/SNR:0.518-Run:ljtazqrc/output_0.png  used on input line 271.
(pdftex.def)             Requested size: 170.94754pt x 56.9813pt.
</home/maniacalm/bin/VQVAE_studies/run_data/exp6/SNR:0.518-Run:vvom2gxb/output_0.png, id=35, 867.24pt x 289.08pt>
File: /home/maniacalm/bin/VQVAE_studies/run_data/exp6/SNR:0.518-Run:vvom2gxb/output_0.png Graphic file (type png)
<use /home/maniacalm/bin/VQVAE_studies/run_data/exp6/SNR:0.518-Run:vvom2gxb/output_0.png>
Package pdftex.def Info: /home/maniacalm/bin/VQVAE_studies/run_data/exp6/SNR:0.518-Run:vvom2gxb/output_0.png  used on input line 275.
(pdftex.def)             Requested size: 170.94754pt x 56.9813pt.

Overfull \hbox (132.95659pt too wide) in paragraph at lines 266--278
[][][][] 
 []


LaTeX Warning: `!h' float specifier changed to `!ht'.

</home/maniacalm/bin/VQVAE_studies/run_data/exp6/images/comparative_plot_0,518.png, id=36, 462.528pt x 346.896pt>
File: /home/maniacalm/bin/VQVAE_studies/run_data/exp6/images/comparative_plot_0,518.png Graphic file (type png)
<use /home/maniacalm/bin/VQVAE_studies/run_data/exp6/images/comparative_plot_0,518.png>
Package pdftex.def Info: /home/maniacalm/bin/VQVAE_studies/run_data/exp6/images/comparative_plot_0,518.png  used on input line 286.
(pdftex.def)             Requested size: 120.45044pt x 90.33374pt.

LaTeX Warning: `!h' float specifier changed to `!ht'.

</home/maniacalm/bin/VQVAE_studies/run_data/exp6/images/loss_vs_ncodes_0,6.png, id=37, 462.528pt x 346.896pt>
File: /home/maniacalm/bin/VQVAE_studies/run_data/exp6/images/loss_vs_ncodes_0,6.png Graphic file (type png)
<use /home/maniacalm/bin/VQVAE_studies/run_data/exp6/images/loss_vs_ncodes_0,6.png>
Package pdftex.def Info: /home/maniacalm/bin/VQVAE_studies/run_data/exp6/images/loss_vs_ncodes_0,6.png  used on input line 297.
(pdftex.def)             Requested size: 120.45044pt x 90.33374pt.
[1

{/nix/store/s5kqa2b3azrsq1667z6p11984w35pdsj-texlive-2025-r78234-final-env/share/texmf-var/fonts/map/pdftex/updmap/pdftex.map}{/nix/store/gnzyg3c8dsj6zwii6j7whjhbjlimkxmv-texlive-2025-r78234-final-env-texmfdist/fonts/enc/dvips/lm/lm-ec.enc} </home/maniacalm/bin/VQVAE_studies/run_data/exp6/images/loss_vs_ncodes_0,01.png> </home/maniacalm/bin/VQVAE_studies/run_data/exp6/SNR:0.01-Run:1nmzlzg5/output_0.png> </home/maniacalm/bin/VQVAE_studies/run_data/exp6/SNR:0.01-Run:202krmqf/output_0.png> </home/maniacalm/bin/VQVAE_studies/run_data/exp6/SNR:0.01-Run:1r7irunr/output_0.png> </home/maniacalm/bin/VQVAE_studies/run_data/exp6/images/comparative_plot_0,01.png>]

LaTeX Warning: `!h' float specifier changed to `!ht'.

</home/maniacalm/bin/VQVAE_studies/run_data/exp6/SNR:0.6-Run:brmfj60a/output_0.png, id=51, 867.24pt x 289.08pt>
File: /home/maniacalm/bin/VQVAE_studies/run_data/exp6/SNR:0.6-Run:brmfj60a/output_0.png Graphic file (type png)
<use /home/maniacalm/bin/VQVAE_studies/run_data/exp6/SNR:0.6-Run:brmfj60a/output_0.png>
Package pdftex.def Info: /home/maniacalm/bin/VQVAE_studies/run_data/exp6/SNR:0.6-Run:brmfj60a/output_0.png  used on input line 306.
(pdftex.def)             Requested size: 170.94754pt x 56.9813pt.
</home/maniacalm/bin/VQVAE_studies/run_data/exp6/SNR:0.6-Run:3r3rmuz4/output_0.png, id=52, 867.24pt x 289.08pt>
File: /home/maniacalm/bin/VQVAE_studies/run_data/exp6/SNR:0.6-Run:3r3rmuz4/output_0.png Graphic file (type png)
<use /home/maniacalm/bin/VQVAE_studies/run_data/exp6/SNR:0.6-Run:3r3rmuz4/output_0.png>
Package pdftex.def Info: /home/maniacalm/bin/VQVAE_studies/run_data/exp6/SNR:0.6-Run:3r3rmuz4/output_0.png  used on input line 310.
(pdftex.def)             Requested size: 170.94754pt x 56.9813pt.
</home/maniacalm/bin/VQVAE_studies/run_data/exp6/SNR:0.6-Run:b7orqis6/output_0.png, id=53, 867.24pt x 289.08pt>
File: /home/maniacalm/bin/VQVAE_studies/run_data/exp6/SNR:0.6-Run:b7orqis6/output_0.png Graphic file (type png)
<use /home/maniacalm/bin/VQVAE_studies/run_data/exp6/SNR:0.6-Run:b7orqis6/output_0.png>
Package pdftex.def Info: /home/maniacalm/bin/VQVAE_studies/run_data/exp6/SNR:0.6-Run:b7orqis6/output_0.png  used on input line 314.
(pdftex.def)             Requested size: 170.94754pt x 56.9813pt.

Overfull \hbox (132.95659pt too wide) in paragraph at lines 305--317
[][][][] 
 []


LaTeX Warning: `!h' float specifier changed to `!ht'.

</home/maniacalm/bin/VQVAE_studies/run_data/exp6/images/comparative_plot_0,6.png, id=54, 462.528pt x 346.896pt>
File: /home/maniacalm/bin/VQVAE_studies/run_data/exp6/images/comparative_plot_0,6.png Graphic file (type png)
<use /home/maniacalm/bin/VQVAE_studies/run_data/exp6/images/comparative_plot_0,6.png>
Package pdftex.def Info: /home/maniacalm/bin/VQVAE_studies/run_data/exp6/images/comparative_plot_0,6.png  used on input line 325.
(pdftex.def)             Requested size: 120.45044pt x 90.33374pt.

LaTeX Warning: `!h' float specifier changed to `!ht'.

</home/maniacalm/bin/VQVAE_studies/run_data/exp6/images/loss_vs_ncodes_0,7.png, id=55, 462.528pt x 346.896pt>
File: /home/maniacalm/bin/VQVAE_studies/run_data/exp6/images/loss_vs_ncodes_0,7.png Graphic file (type png)
<use /home/maniacalm/bin/VQVAE_studies/run_data/exp6/images/loss_vs_ncodes_0,7.png>
Package pdftex.def Info: /home/maniacalm/bin/VQVAE_studies/run_data/exp6/images/loss_vs_ncodes_0,7.png  used on input line 336.
(pdftex.def)             Requested size: 120.45044pt x 90.33374pt.

LaTeX Warning: `!h' float specifier changed to `!ht'.

</home/maniacalm/bin/VQVAE_studies/run_data/exp6/SNR:0.7-Run:1hzbn3mv/output_0.png, id=56, 867.24pt x 289.08pt>
File: /home/maniacalm/bin/VQVAE_studies/run_data/exp6/SNR:0.7-Run:1hzbn3mv/output_0.png Graphic file (type png)
<use /home/maniacalm/bin/VQVAE_studies/run_data/exp6/SNR:0.7-Run:1hzbn3mv/output_0.png>
Package pdftex.def Info: /home/maniacalm/bin/VQVAE_studies/run_data/exp6/SNR:0.7-Run:1hzbn3mv/output_0.png  used on input line 345.
(pdftex.def)             Requested size: 170.94754pt x 56.9813pt.
</home/maniacalm/bin/VQVAE_studies/run_data/exp6/SNR:0.7-Run:1dzklaz3/output_0.png, id=57, 867.24pt x 289.08pt>
File: /home/maniacalm/bin/VQVAE_studies/run_data/exp6/SNR:0.7-Run:1dzklaz3/output_0.png Graphic file (type png)
<use /home/maniacalm/bin/VQVAE_studies/run_data/exp6/SNR:0.7-Run:1dzklaz3/output_0.png>
Package pdftex.def Info: /home/maniacalm/bin/VQVAE_studies/run_data/exp6/SNR:0.7-Run:1dzklaz3/output_0.png  used on input line 349.
(pdftex.def)             Requested size: 170.94754pt x 56.9813pt.
</home/maniacalm/bin/VQVAE_studies/run_data/exp6/SNR:0.7-Run:dlicwpux/output_0.png, id=58, 867.24pt x 289.08pt>
File: /home/maniacalm/bin/VQVAE_studies/run_data/exp6/SNR:0.7-Run:dlicwpux/output_0.png Graphic file (type png)
<use /home/maniacalm/bin/VQVAE_studies/run_data/exp6/SNR:0.7-Run:dlicwpux/output_0.png>
Package pdftex.def Info: /home/maniacalm/bin/VQVAE_studies/run_data/exp6/SNR:0.7-Run:dlicwpux/output_0.png  used on input line 353.
(pdftex.def)             Requested size: 170.94754pt x 56.9813pt.

Overfull \hbox (132.95659pt too wide) in paragraph at lines 344--356
[][][][] 
 []


LaTeX Warning: `!h' float specifier changed to `!ht'.

</home/maniacalm/bin/VQVAE_studies/run_data/exp6/images/comparative_plot_0,7.png, id=59, 462.528pt x 346.896pt>
File: /home/maniacalm/bin/VQVAE_studies/run_data/exp6/images/comparative_plot_0,7.png Graphic file (type png)
<use /home/maniacalm/bin/VQVAE_studies/run_data/exp6/images/comparative_plot_0,7.png>
Package pdftex.def Info: /home/maniacalm/bin/VQVAE_studies/run_data/exp6/images/comparative_plot_0,7.png  used on input line 364.
(pdftex.def)             Requested size: 120.45044pt x 90.33374pt.

LaTeX Warning: `!h' float specifier changed to `!ht'.

</home/maniacalm/bin/VQVAE_studies/run_data/exp6/images/loss_vs_ncodes_0,8.png, id=60, 462.528pt x 346.896pt>
File: /home/maniacalm/bin/VQVAE_studies/run_data/exp6/images/loss_vs_ncodes_0,8.png Graphic file (type png)
<use /home/maniacalm/bin/VQVAE_studies/run_data/exp6/images/loss_vs_ncodes_0,8.png>
Package pdftex.def Info: /home/maniacalm/bin/VQVAE_studies/run_data/exp6/images/loss_vs_ncodes_0,8.png  used on input line 375.
(pdftex.def)             Requested size: 120.45044pt x 90.33374pt.

LaTeX Warning: `!h' float specifier changed to `!ht'.

</home/maniacalm/bin/VQVAE_studies/run_data/exp6/SNR:0.8-Run:3nh4nlsd/output_0.png, id=61, 867.24pt x 289.08pt>
File: /home/maniacalm/bin/VQVAE_studies/run_data/exp6/SNR:0.8-Run:3nh4nlsd/output_0.png Graphic file (type png)
<use /home/maniacalm/bin/VQVAE_studies/run_data/exp6/SNR:0.8-Run:3nh4nlsd/output_0.png>
Package pdftex.def Info: /home/maniacalm/bin/VQVAE_studies/run_data/exp6/SNR:0.8-Run:3nh4nlsd/output_0.png  used on input line 384.
(pdftex.def)             Requested size: 170.94754pt x 56.9813pt.
</home/maniacalm/bin/VQVAE_studies/run_data/exp6/SNR:0.8-Run:2jgpo37r/output_0.png, id=62, 867.24pt x 289.08pt>
File: /home/maniacalm/bin/VQVAE_studies/run_data/exp6/SNR:0.8-Run:2jgpo37r/output_0.png Graphic file (type png)
<use /home/maniacalm/bin/VQVAE_studies/run_data/exp6/SNR:0.8-Run:2jgpo37r/output_0.png>
Package pdftex.def Info: /home/maniacalm/bin/VQVAE_studies/run_data/exp6/SNR:0.8-Run:2jgpo37r/output_0.png  used on input line 388.
(pdftex.def)             Requested size: 170.94754pt x 56.9813pt.
</home/maniacalm/bin/VQVAE_studies/run_data/exp6/SNR:0.8-Run:2tw32v4e/output_0.png, id=63, 867.24pt x 289.08pt>
File: /home/maniacalm/bin/VQVAE_studies/run_data/exp6/SNR:0.8-Run:2tw32v4e/output_0.png Graphic file (type png)
<use /home/maniacalm/bin/VQVAE_studies/run_data/exp6/SNR:0.8-Run:2tw32v4e/output_0.png>
Package pdftex.def Info: /home/maniacalm/bin/VQVAE_studies/run_data/exp6/SNR:0.8-Run:2tw32v4e/output_0.png  used on input line 392.
(pdftex.def)             Requested size: 170.94754pt x 56.9813pt.

Overfull \hbox (132.95659pt too wide) in paragraph at lines 383--395
[][][][] 
 []


LaTeX Warning: `!h' float specifier changed to `!ht'.

</home/maniacalm/bin/VQVAE_studies/run_data/exp6/images/comparative_plot_0,8.png, id=64, 462.528pt x 346.896pt>
File: /home/maniacalm/bin/VQVAE_studies/run_data/exp6/images/comparative_plot_0,8.png Graphic file (type png)
<use /home/maniacalm/bin/VQVAE_studies/run_data/exp6/images/comparative_plot_0,8.png>
Package pdftex.def Info: /home/maniacalm/bin/VQVAE_studies/run_data/exp6/images/comparative_plot_0,8.png  used on input line 403.
(pdftex.def)             Requested size: 120.45044pt x 90.33374pt.

LaTeX Warning: `!h' float specifier changed to `!ht'.

</home/maniacalm/bin/VQVAE_studies/run_data/exp6/images/loss_vs_ncodes_1,0.png, id=65, 462.528pt x 346.896pt>
File: /home/maniacalm/bin/VQVAE_studies/run_data/exp6/images/loss_vs_ncodes_1,0.png Graphic file (type png)
<use /home/maniacalm/bin/VQVAE_studies/run_data/exp6/images/loss_vs_ncodes_1,0.png>
Package pdftex.def Info: /home/maniacalm/bin/VQVAE_studies/run_data/exp6/images/loss_vs_ncodes_1,0.png  used on input line 414.
(pdftex.def)             Requested size: 120.45044pt x 90.33374pt.

LaTeX Warning: `!h' float specifier changed to `!ht'.

</home/maniacalm/bin/VQVAE_studies/run_data/exp6/SNR:1.0-Run:18jc00vu/output_0.png, id=66, 867.24pt x 289.08pt>
File: /home/maniacalm/bin/VQVAE_studies/run_data/exp6/SNR:1.0-Run:18jc00vu/output_0.png Graphic file (type png)
<use /home/maniacalm/bin/VQVAE_studies/run_data/exp6/SNR:1.0-Run:18jc00vu/output_0.png>
Package pdftex.def Info: /home/maniacalm/bin/VQVAE_studies/run_data/exp6/SNR:1.0-Run:18jc00vu/output_0.png  used on input line 423.
(pdftex.def)             Requested size: 170.94754pt x 56.9813pt.
</home/maniacalm/bin/VQVAE_studies/run_data/exp6/SNR:1.0-Run:1xnar24y/output_0.png, id=67, 867.24pt x 289.08pt>
File: /home/maniacalm/bin/VQVAE_studies/run_data/exp6/SNR:1.0-Run:1xnar24y/output_0.png Graphic file (type png)
<use /home/maniacalm/bin/VQVAE_studies/run_data/exp6/SNR:1.0-Run:1xnar24y/output_0.png>
Package pdftex.def Info: /home/maniacalm/bin/VQVAE_studies/run_data/exp6/SNR:1.0-Run:1xnar24y/output_0.png  used on input line 427.
(pdftex.def)             Requested size: 170.94754pt x 56.9813pt.
</home/maniacalm/bin/VQVAE_studies/run_data/exp6/SNR:1.0-Run:2lwtstg4/output_0.png, id=68, 867.24pt x 289.08pt>
File: /home/maniacalm/bin/VQVAE_studies/run_data/exp6/SNR:1.0-Run:2lwtstg4/output_0.png Graphic file (type png)
<use /home/maniacalm/bin/VQVAE_studies/run_data/exp6/SNR:1.0-Run:2lwtstg4/output_0.png>
Package pdftex.def Info: /home/maniacalm/bin/VQVAE_studies/run_data/exp6/SNR:1.0-Run:2lwtstg4/output_0.png  used on input line 431.
(pdftex.def)             Requested size: 170.94754pt x 56.9813pt.

Overfull \hbox (132.95659pt too wide) in paragraph at lines 422--434
[][][][] 
 []


LaTeX Warning: `!h' float specifier changed to `!ht'.

</home/maniacalm/bin/VQVAE_studies/run_data/exp6/images/comparative_plot_1,0.png, id=69, 462.528pt x 346.896pt>
File: /home/maniacalm/bin/VQVAE_studies/run_data/exp6/images/comparative_plot_1,0.png Graphic file (type png)
<use /home/maniacalm/bin/VQVAE_studies/run_data/exp6/images/comparative_plot_1,0.png>
Package pdftex.def Info: /home/maniacalm/bin/VQVAE_studies/run_data/exp6/images/comparative_plot_1,0.png  used on input line 442.
(pdftex.def)             Requested size: 120.45044pt x 90.33374pt.

LaTeX Warning: `!h' float specifier changed to `!ht'.

</home/maniacalm/bin/VQVAE_studies/run_data/exp6/images/loss_vs_ncodes_1,93.png, id=70, 462.528pt x 346.896pt>
File: /home/maniacalm/bin/VQVAE_studies/run_data/exp6/images/loss_vs_ncodes_1,93.png Graphic file (type png)
<use /home/maniacalm/bin/VQVAE_studies/run_data/exp6/images/loss_vs_ncodes_1,93.png>
Package pdftex.def Info: /home/maniacalm/bin/VQVAE_studies/run_data/exp6/images/loss_vs_ncodes_1,93.png  used on input line 453.
(pdftex.def)             Requested size: 120.45044pt x 90.33374pt.

LaTeX Warning: `!h' float specifier changed to `!ht'.

</home/maniacalm/bin/VQVAE_studies/run_data/exp6/SNR:1.93-Run:hrs5aylg/output_0.png, id=71, 867.24pt x 289.08pt>
File: /home/maniacalm/bin/VQVAE_studies/run_data/exp6/SNR:1.93-Run:hrs5aylg/output_0.png Graphic file (type png)
<use /home/maniacalm/bin/VQVAE_studies/run_data/exp6/SNR:1.93-Run:hrs5aylg/output_0.png>
Package pdftex.def Info: /home/maniacalm/bin/VQVAE_studies/run_data/exp6/SNR:1.93-Run:hrs5aylg/output_0.png  used on input line 462.
(pdftex.def)             Requested size: 170.94754pt x 56.9813pt.
</home/maniacalm/bin/VQVAE_studies/run_data/exp6/SNR:1.93-Run:3g4o3khm/output_0.png, id=72, 867.24pt x 289.08pt>
File: /home/maniacalm/bin/VQVAE_studies/run_data/exp6/SNR:1.93-Run:3g4o3khm/output_0.png Graphic file (type png)
<use /home/maniacalm/bin/VQVAE_studies/run_data/exp6/SNR:1.93-Run:3g4o3khm/output_0.png>
Package pdftex.def Info: /home/maniacalm/bin/VQVAE_studies/run_data/exp6/SNR:1.93-Run:3g4o3khm/output_0.png  used on input line 466.
(pdftex.def)             Requested size: 170.94754pt x 56.9813pt.
</home/maniacalm/bin/VQVAE_studies/run_data/exp6/SNR:1.93-Run:1uoufdyo/output_0.png, id=73, 867.24pt x 289.08pt>
File: /home/maniacalm/bin/VQVAE_studies/run_data/exp6/SNR:1.93-Run:1uoufdyo/output_0.png Graphic file (type png)
<use /home/maniacalm/bin/VQVAE_studies/run_data/exp6/SNR:1.93-Run:1uoufdyo/output_0.png>
Package pdftex.def Info: /home/maniacalm/bin/VQVAE_studies/run_data/exp6/SNR:1.93-Run:1uoufdyo/output_0.png  used on input line 470.
(pdftex.def)             Requested size: 170.94754pt x 56.9813pt.

Overfull \hbox (132.95659pt too wide) in paragraph at lines 461--473
[][][][] 
 []


LaTeX Warning: `!h' float specifier changed to `!ht'.

</home/maniacalm/bin/VQVAE_studies/run_data/exp6/images/comparative_plot_1,93.png, id=74, 462.528pt x 346.896pt>
File: /home/maniacalm/bin/VQVAE_studies/run_data/exp6/images/comparative_plot_1,93.png Graphic file (type png)
<use /home/maniacalm/bin/VQVAE_studies/run_data/exp6/images/comparative_plot_1,93.png>
Package pdftex.def Info: /home/maniacalm/bin/VQVAE_studies/run_data/exp6/images/comparative_plot_1,93.png  used on input line 481.
(pdftex.def)             Requested size: 120.45044pt x 90.33374pt.

LaTeX Warning: `!h' float specifier changed to `!ht'.

</home/maniacalm/bin/VQVAE_studies/run_data/exp6/images/loss_vs_ncodes_100,0.png, id=75, 462.528pt x 346.896pt>
File: /home/maniacalm/bin/VQVAE_studies/run_data/exp6/images/loss_vs_ncodes_100,0.png Graphic file (type png)
<use /home/maniacalm/bin/VQVAE_studies/run_data/exp6/images/loss_vs_ncodes_100,0.png>
Package pdftex.def Info: /home/maniacalm/bin/VQVAE_studies/run_data/exp6/images/loss_vs_ncodes_100,0.png  used on input line 492.
(pdftex.def)             Requested size: 120.45044pt x 90.33374pt.

LaTeX Warning: `!h' float specifier changed to `!ht'.

</home/maniacalm/bin/VQVAE_studies/run_data/exp6/SNR:100.0-Run:1ryjpji3/output_0.png, id=76, 867.24pt x 289.08pt>
File: /home/maniacalm/bin/VQVAE_studies/run_data/exp6/SNR:100.0-Run:1ryjpji3/output_0.png Graphic file (type png)
<use /home/maniacalm/bin/VQVAE_studies/run_data/exp6/SNR:100.0-Run:1ryjpji3/output_0.png>
Package pdftex.def Info: /home/maniacalm/bin/VQVAE_studies/run_data/exp6/SNR:100.0-Run:1ryjpji3/output_0.png  used on input line 501.
(pdftex.def)             Requested size: 170.94754pt x 56.9813pt.
</home/maniacalm/bin/VQVAE_studies/run_data/exp6/SNR:100.0-Run:38tisbtz/output_0.png, id=77, 867.24pt x 289.08pt>
File: /home/maniacalm/bin/VQVAE_studies/run_data/exp6/SNR:100.0-Run:38tisbtz/output_0.png Graphic file (type png)
<use /home/maniacalm/bin/VQVAE_studies/run_data/exp6/SNR:100.0-Run:38tisbtz/output_0.png>
Package pdftex.def Info: /home/maniacalm/bin/VQVAE_studies/run_data/exp6/SNR:100.0-Run:38tisbtz/output_0.png  used on input line 505.
(pdftex.def)             Requested size: 170.94754pt x 56.9813pt.
</home/maniacalm/bin/VQVAE_studies/run_data/exp6/SNR:100.0-Run:rme520cc/output_0.png, id=78, 867.24pt x 289.08pt>
File: /home/maniacalm/bin/VQVAE_studies/run_data/exp6/SNR:100.0-Run:rme520cc/output_0.png Graphic file (type png)
<use /home/maniacalm/bin/VQVAE_studies/run_data/exp6/SNR:100.0-Run:rme520cc/output_0.png>
Package pdftex.def Info: /home/maniacalm/bin/VQVAE_studies/run_data/exp6/SNR:100.0-Run:rme520cc/output_0.png  used on input line 509.
(pdftex.def)             Requested size: 170.94754pt x 56.9813pt.

Overfull \hbox (132.95659pt too wide) in paragraph at lines 500--512
[][][][] 
 []


LaTeX Warning: `!h' float specifier changed to `!ht'.

</home/maniacalm/bin/VQVAE_studies/run_data/exp6/images/comparative_plot_100,0.png, id=79, 462.528pt x 346.896pt>
File: /home/maniacalm/bin/VQVAE_studies/run_data/exp6/images/comparative_plot_100,0.png Graphic file (type png)
<use /home/maniacalm/bin/VQVAE_studies/run_data/exp6/images/comparative_plot_100,0.png>
Package pdftex.def Info: /home/maniacalm/bin/VQVAE_studies/run_data/exp6/images/comparative_plot_100,0.png  used on input line 520.
(pdftex.def)             Requested size: 120.45044pt x 90.33374pt.

LaTeX Warning: `!h' float specifier changed to `!ht'.

</home/maniacalm/bin/VQVAE_studies/run_data/exp6/images/loss_vs_ncodes_13,89.png, id=80, 462.528pt x 346.896pt>
File: /home/maniacalm/bin/VQVAE_studies/run_data/exp6/images/loss_vs_ncodes_13,89.png Graphic file (type png)
<use /home/maniacalm/bin/VQVAE_studies/run_data/exp6/images/loss_vs_ncodes_13,89.png>
Package pdftex.def Info: /home/maniacalm/bin/VQVAE_studies/run_data/exp6/images/loss_vs_ncodes_13,89.png  used on input line 531.
(pdftex.def)             Requested size: 120.45044pt x 90.33374pt.

LaTeX Warning: `!h' float specifier changed to `!ht'.

</home/maniacalm/bin/VQVAE_studies/run_data/exp6/SNR:13.89-Run:18hqgzrt/output_0.png, id=81, 867.24pt x 289.08pt>
File: /home/maniacalm/bin/VQVAE_studies/run_data/exp6/SNR:13.89-Run:18hqgzrt/output_0.png Graphic file (type png)
<use /home/maniacalm/bin/VQVAE_studies/run_data/exp6/SNR:13.89-Run:18hqgzrt/output_0.png>
Package pdftex.def Info: /home/maniacalm/bin/VQVAE_studies/run_data/exp6/SNR:13.89-Run:18hqgzrt/output_0.png  used on input line 540.
(pdftex.def)             Requested size: 170.94754pt x 56.9813pt.
</home/maniacalm/bin/VQVAE_studies/run_data/exp6/SNR:13.89-Run:22emb6b9/output_0.png, id=82, 867.24pt x 289.08pt>
File: /home/maniacalm/bin/VQVAE_studies/run_data/exp6/SNR:13.89-Run:22emb6b9/output_0.png Graphic file (type png)
<use /home/maniacalm/bin/VQVAE_studies/run_data/exp6/SNR:13.89-Run:22emb6b9/output_0.png>
Package pdftex.def Info: /home/maniacalm/bin/VQVAE_studies/run_data/exp6/SNR:13.89-Run:22emb6b9/output_0.png  used on input line 544.
(pdftex.def)             Requested size: 170.94754pt x 56.9813pt.
</home/maniacalm/bin/VQVAE_studies/run_data/exp6/SNR:13.89-Run:mg08zlaf/output_0.png, id=83, 867.24pt x 289.08pt>
File: /home/maniacalm/bin/VQVAE_studies/run_data/exp6/SNR:13.89-Run:mg08zlaf/output_0.png Graphic file (type png)
<use /home/maniacalm/bin/VQVAE_studies/run_data/exp6/SNR:13.89-Run:mg08zlaf/output_0.png>
Package pdftex.def Info: /home/maniacalm/bin/VQVAE_studies/run_data/exp6/SNR:13.89-Run:mg08zlaf/output_0.png  used on input line 548.
(pdftex.def)             Requested size: 170.94754pt x 56.9813pt.

Overfull \hbox (132.95659pt too wide) in paragraph at lines 539--551
[][][][] 
 []


LaTeX Warning: `!h' float specifier changed to `!ht'.

</home/maniacalm/bin/VQVAE_studies/run_data/exp6/images/comparative_plot_13,89.png, id=84, 462.528pt x 346.896pt>
File: /home/maniacalm/bin/VQVAE_studies/run_data/exp6/images/comparative_plot_13,89.png Graphic file (type png)
<use /home/maniacalm/bin/VQVAE_studies/run_data/exp6/images/comparative_plot_13,89.png>
Package pdftex.def Info: /home/maniacalm/bin/VQVAE_studies/run_data/exp6/images/comparative_plot_13,89.png  used on input line 559.
(pdftex.def)             Requested size: 120.45044pt x 90.33374pt.

LaTeX Warning: `!h' float specifier changed to `!ht'.

</home/maniacalm/bin/VQVAE_studies/run_data/exp6/images/loss_vs_ncodes_26,83.png, id=85, 462.528pt x 346.896pt>
File: /home/maniacalm/bin/VQVAE_studies/run_data/exp6/images/loss_vs_ncodes_26,83.png Graphic file (type png)
<use /home/maniacalm/bin/VQVAE_studies/run_data/exp6/images/loss_vs_ncodes_26,83.png>
Package pdftex.def Info: /home/maniacalm/bin/VQVAE_studies/run_data/exp6/images/loss_vs_ncodes_26,83.png  used on input line 570.
(pdftex.def)             Requested size: 120.45044pt x 90.33374pt.

LaTeX Warning: `!h' float specifier changed to `!ht'.

</home/maniacalm/bin/VQVAE_studies/run_data/exp6/SNR:26.83-Run:2mn4p1m0/output_0.png, id=86, 867.24pt x 289.08pt>
File: /home/maniacalm/bin/VQVAE_studies/run_data/exp6/SNR:26.83-Run:2mn4p1m0/output_0.png Graphic file (type png)
<use /home/maniacalm/bin/VQVAE_studies/run_data/exp6/SNR:26.83-Run:2mn4p1m0/output_0.png>
Package pdftex.def Info: /home/maniacalm/bin/VQVAE_studies/run_data/exp6/SNR:26.83-Run:2mn4p1m0/output_0.png  used on input line 579.
(pdftex.def)             Requested size: 170.94754pt x 56.9813pt.
</home/maniacalm/bin/VQVAE_studies/run_data/exp6/SNR:26.83-Run:34e3aznd/output_0.png, id=87, 867.24pt x 289.08pt>
File: /home/maniacalm/bin/VQVAE_studies/run_data/exp6/SNR:26.83-Run:34e3aznd/output_0.png Graphic file (type png)
<use /home/maniacalm/bin/VQVAE_studies/run_data/exp6/SNR:26.83-Run:34e3aznd/output_0.png>
Package pdftex.def Info: /home/maniacalm/bin/VQVAE_studies/run_data/exp6/SNR:26.83-Run:34e3aznd/output_0.png  used on input line 583.
(pdftex.def)             Requested size: 170.94754pt x 56.9813pt.
</home/maniacalm/bin/VQVAE_studies/run_data/exp6/SNR:26.83-Run:jqcf4gon/output_0.png, id=88, 867.24pt x 289.08pt>
File: /home/maniacalm/bin/VQVAE_studies/run_data/exp6/SNR:26.83-Run:jqcf4gon/output_0.png Graphic file (type png)
<use /home/maniacalm/bin/VQVAE_studies/run_data/exp6/SNR:26.83-Run:jqcf4gon/output_0.png>
Package pdftex.def Info: /home/maniacalm/bin/VQVAE_studies/run_data/exp6/SNR:26.83-Run:jqcf4gon/output_0.png  used on input line 587.
(pdftex.def)             Requested size: 170.94754pt x 56.9813pt.

Overfull \hbox (132.95659pt too wide) in paragraph at lines 578--590
[][][][] 
 []


LaTeX Warning: `!h' float specifier changed to `!ht'.

</home/maniacalm/bin/VQVAE_studies/run_data/exp6/images/comparative_plot_26,83.png, id=89, 462.528pt x 346.896pt>
File: /home/maniacalm/bin/VQVAE_studies/run_data/exp6/images/comparative_plot_26,83.png Graphic file (type png)
<use /home/maniacalm/bin/VQVAE_studies/run_data/exp6/images/comparative_plot_26,83.png>
Package pdftex.def Info: /home/maniacalm/bin/VQVAE_studies/run_data/exp6/images/comparative_plot_26,83.png  used on input line 598.
(pdftex.def)             Requested size: 120.45044pt x 90.33374pt.

LaTeX Warning: `!h' float specifier changed to `!ht'.

</home/maniacalm/bin/VQVAE_studies/run_data/exp6/images/loss_vs_ncodes_3,73.png, id=90, 462.528pt x 346.896pt>
File: /home/maniacalm/bin/VQVAE_studies/run_data/exp6/images/loss_vs_ncodes_3,73.png Graphic file (type png)
<use /home/maniacalm/bin/VQVAE_studies/run_data/exp6/images/loss_vs_ncodes_3,73.png>
Package pdftex.def Info: /home/maniacalm/bin/VQVAE_studies/run_data/exp6/images/loss_vs_ncodes_3,73.png  used on input line 609.
(pdftex.def)             Requested size: 120.45044pt x 90.33374pt.

LaTeX Warning: `!h' float specifier changed to `!ht'.

</home/maniacalm/bin/VQVAE_studies/run_data/exp6/SNR:3.73-Run:2tmo1uu0/output_0.png, id=91, 867.24pt x 289.08pt>
File: /home/maniacalm/bin/VQVAE_studies/run_data/exp6/SNR:3.73-Run:2tmo1uu0/output_0.png Graphic file (type png)
<use /home/maniacalm/bin/VQVAE_studies/run_data/exp6/SNR:3.73-Run:2tmo1uu0/output_0.png>
Package pdftex.def Info: /home/maniacalm/bin/VQVAE_studies/run_data/exp6/SNR:3.73-Run:2tmo1uu0/output_0.png  used on input line 618.
(pdftex.def)             Requested size: 170.94754pt x 56.9813pt.
</home/maniacalm/bin/VQVAE_studies/run_data/exp6/SNR:3.73-Run:3pibaxiu/output_0.png, id=92, 867.24pt x 289.08pt>
File: /home/maniacalm/bin/VQVAE_studies/run_data/exp6/SNR:3.73-Run:3pibaxiu/output_0.png Graphic file (type png)
<use /home/maniacalm/bin/VQVAE_studies/run_data/exp6/SNR:3.73-Run:3pibaxiu/output_0.png>
Package pdftex.def Info: /home/maniacalm/bin/VQVAE_studies/run_data/exp6/SNR:3.73-Run:3pibaxiu/output_0.png  used on input line 622.
(pdftex.def)             Requested size: 170.94754pt x 56.9813pt.
</home/maniacalm/bin/VQVAE_studies/run_data/exp6/SNR:3.73-Run:9w5y87dp/output_0.png, id=93, 867.24pt x 289.08pt>
File: /home/maniacalm/bin/VQVAE_studies/run_data/exp6/SNR:3.73-Run:9w5y87dp/output_0.png Graphic file (type png)
<use /home/maniacalm/bin/VQVAE_studies/run_data/exp6/SNR:3.73-Run:9w5y87dp/output_0.png>
Package pdftex.def Info: /home/maniacalm/bin/VQVAE_studies/run_data/exp6/SNR:3.73-Run:9w5y87dp/output_0.png  used on input line 626.
(pdftex.def)             Requested size: 170.94754pt x 56.9813pt.

Overfull \hbox (132.95659pt too wide) in paragraph at lines 617--629
[][][][] 
 []


LaTeX Warning: `!h' float specifier changed to `!ht'.

</home/maniacalm/bin/VQVAE_studies/run_data/exp6/images/comparative_plot_3,73.png, id=94, 462.528pt x 346.896pt>
File: /home/maniacalm/bin/VQVAE_studies/run_data/exp6/images/comparative_plot_3,73.png Graphic file (type png)
<use /home/maniacalm/bin/VQVAE_studies/run_data/exp6/images/comparative_plot_3,73.png>
Package pdftex.def Info: /home/maniacalm/bin/VQVAE_studies/run_data/exp6/images/comparative_plot_3,73.png  used on input line 637.
(pdftex.def)             Requested size: 120.45044pt x 90.33374pt.

LaTeX Warning: `!h' float specifier changed to `!ht'.

</home/maniacalm/bin/VQVAE_studies/run_data/exp6/images/loss_vs_ncodes_51,79.png, id=95, 462.528pt x 346.896pt>
File: /home/maniacalm/bin/VQVAE_studies/run_data/exp6/images/loss_vs_ncodes_51,79.png Graphic file (type png)
<use /home/maniacalm/bin/VQVAE_studies/run_data/exp6/images/loss_vs_ncodes_51,79.png>
Package pdftex.def Info: /home/maniacalm/bin/VQVAE_studies/run_data/exp6/images/loss_vs_ncodes_51,79.png  used on input line 648.
(pdftex.def)             Requested size: 120.45044pt x 90.33374pt.

LaTeX Warning: `!h' float specifier changed to `!ht'.

</home/maniacalm/bin/VQVAE_studies/run_data/exp6/SNR:51.79-Run:2euerpw4/output_0.png, id=96, 867.24pt x 289.08pt>
File: /home/maniacalm/bin/VQVAE_studies/run_data/exp6/SNR:51.79-Run:2euerpw4/output_0.png Graphic file (type png)
<use /home/maniacalm/bin/VQVAE_studies/run_data/exp6/SNR:51.79-Run:2euerpw4/output_0.png>
Package pdftex.def Info: /home/maniacalm/bin/VQVAE_studies/run_data/exp6/SNR:51.79-Run:2euerpw4/output_0.png  used on input line 657.
(pdftex.def)             Requested size: 170.94754pt x 56.9813pt.
</home/maniacalm/bin/VQVAE_studies/run_data/exp6/SNR:51.79-Run:3dhppng0/output_0.png, id=97, 867.24pt x 289.08pt>
File: /home/maniacalm/bin/VQVAE_studies/run_data/exp6/SNR:51.79-Run:3dhppng0/output_0.png Graphic file (type png)
<use /home/maniacalm/bin/VQVAE_studies/run_data/exp6/SNR:51.79-Run:3dhppng0/output_0.png>
Package pdftex.def Info: /home/maniacalm/bin/VQVAE_studies/run_data/exp6/SNR:51.79-Run:3dhppng0/output_0.png  used on input line 661.
(pdftex.def)             Requested size: 170.94754pt x 56.9813pt.
</home/maniacalm/bin/VQVAE_studies/run_data/exp6/SNR:51.79-Run:tb6gap9h/output_0.png, id=98, 867.24pt x 289.08pt>
File: /home/maniacalm/bin/VQVAE_studies/run_data/exp6/SNR:51.79-Run:tb6gap9h/output_0.png Graphic file (type png)
<use /home/maniacalm/bin/VQVAE_studies/run_data/exp6/SNR:51.79-Run:tb6gap9h/output_0.png>
Package pdftex.def Info: /home/maniacalm/bin/VQVAE_studies/run_data/exp6/SNR:51.79-Run:tb6gap9h/output_0.png  used on input line 665.
(pdftex.def)             Requested size: 170.94754pt x 56.9813pt.

Overfull \hbox (132.95659pt too wide) in paragraph at lines 656--668
[][][][] 
 []


LaTeX Warning: `!h' float specifier changed to `!ht'.

</home/maniacalm/bin/VQVAE_studies/run_data/exp6/images/comparative_plot_51,79.png, id=99, 462.528pt x 346.896pt>
File: /home/maniacalm/bin/VQVAE_studies/run_data/exp6/images/comparative_plot_51,79.png Graphic file (type png)
<use /home/maniacalm/bin/VQVAE_studies/run_data/exp6/images/comparative_plot_51,79.png>
Package pdftex.def Info: /home/maniacalm/bin/VQVAE_studies/run_data/exp6/images/comparative_plot_51,79.png  used on input line 676.
(pdftex.def)             Requested size: 120.45044pt x 90.33374pt.

LaTeX Warning: `!h' float specifier changed to `!ht'.

</home/maniacalm/bin/VQVAE_studies/run_data/exp6/images/loss_vs_ncodes_7,2.png, id=100, 462.528pt x 346.896pt>
File: /home/maniacalm/bin/VQVAE_studies/run_data/exp6/images/loss_vs_ncodes_7,2.png Graphic file (type png)
<use /home/maniacalm/bin/VQVAE_studies/run_data/exp6/images/loss_vs_ncodes_7,2.png>
Package pdftex.def Info: /home/maniacalm/bin/VQVAE_studies/run_data/exp6/images/loss_vs_ncodes_7,2.png  used on input line 687.
(pdftex.def)             Requested size: 120.45044pt x 90.33374pt.

LaTeX Warning: `!h' float specifier changed to `!ht'.

</home/maniacalm/bin/VQVAE_studies/run_data/exp6/SNR:7.2-Run:6ockxr5c/output_0.png, id=101, 867.24pt x 289.08pt>
File: /home/maniacalm/bin/VQVAE_studies/run_data/exp6/SNR:7.2-Run:6ockxr5c/output_0.png Graphic file (type png)
<use /home/maniacalm/bin/VQVAE_studies/run_data/exp6/SNR:7.2-Run:6ockxr5c/output_0.png>
Package pdftex.def Info: /home/maniacalm/bin/VQVAE_studies/run_data/exp6/SNR:7.2-Run:6ockxr5c/output_0.png  used on input line 696.
(pdftex.def)             Requested size: 170.94754pt x 56.9813pt.
</home/maniacalm/bin/VQVAE_studies/run_data/exp6/SNR:7.2-Run:2twx0p12/output_0.png, id=102, 867.24pt x 289.08pt>
File: /home/maniacalm/bin/VQVAE_studies/run_data/exp6/SNR:7.2-Run:2twx0p12/output_0.png Graphic file (type png)
<use /home/maniacalm/bin/VQVAE_studies/run_data/exp6/SNR:7.2-Run:2twx0p12/output_0.png>
Package pdftex.def Info: /home/maniacalm/bin/VQVAE_studies/run_data/exp6/SNR:7.2-Run:2twx0p12/output_0.png  used on input line 700.
(pdftex.def)             Requested size: 170.94754pt x 56.9813pt.
</home/maniacalm/bin/VQVAE_studies/run_data/exp6/SNR:7.2-Run:2pyvnghk/output_0.png, id=103, 867.24pt x 289.08pt>
File: /home/maniacalm/bin/VQVAE_studies/run_data/exp6/SNR:7.2-Run:2pyvnghk/output_0.png Graphic file (type png)
<use /home/maniacalm/bin/VQVAE_studies/run_data/exp6/SNR:7.2-Run:2pyvnghk/output_0.png>
Package pdftex.def Info: /home/maniacalm/bin/VQVAE_studies/run_data/exp6/SNR:7.2-Run:2pyvnghk/output_0.png  used on input line 704.
(pdftex.def)             Requested size: 170.94754pt x 56.9813pt.

Overfull \hbox (132.95659pt too wide) in paragraph at lines 695--707
[][][][] 
 []


LaTeX Warning: `!h' float specifier changed to `!ht'.

</home/maniacalm/bin/VQVAE_studies/run_data/exp6/images/comparative_plot_7,2.png, id=104, 462.528pt x 346.896pt>
File: /home/maniacalm/bin/VQVAE_studies/run_data/exp6/images/comparative_plot_7,2.png Graphic file (type png)
<use /home/maniacalm/bin/VQVAE_studies/run_data/exp6/images/comparative_plot_7,2.png>
Package pdftex.def Info: /home/maniacalm/bin/VQVAE_studies/run_data/exp6/images/comparative_plot_7,2.png  used on input line 715.
(pdftex.def)             Requested size: 120.45044pt x 90.33374pt.

LaTeX Warning: `!h' float specifier changed to `!ht'.


Overfull \vbox (265.4637pt too high) has occurred while \output is active []

 [2 </home/maniacalm/bin/VQVAE_studies/run_data/exp6/images/loss_vs_ncodes_0,0193.png> </home/maniacalm/bin/VQVAE_studies/run_data/exp6/SNR:0.0193-Run:33l6b51u/output_0.png> </home/maniacalm/bin/VQVAE_studies/run_data/exp6/SNR:0.0193-Run:3d5jrduo/output_0.png> </home/maniacalm/bin/VQVAE_studies/run_data/exp6/SNR:0.0193-Run:19pn7nq2/output_0.png> </home/maniacalm/bin/VQVAE_studies/run_data/exp6/images/comparative_plot_0,0193.png> </home/maniacalm/bin/VQVAE_studies/run_data/exp6/images/loss_vs_ncodes_0,0373.png>] [3 </home/maniacalm/bin/VQVAE_studies/run_data/exp6/SNR:0.0373-Run:3007u098/output_0.png> </home/maniacalm/bin/VQVAE_studies/run_data/exp6/SNR:0.0373-Run:2axh5f6x/output_0.png> </home/maniacalm/bin/VQVAE_studies/run_data/exp6/SNR:0.0373-Run:2rg33njz/output_0.png> </home/maniacalm/bin/VQVAE_studies/run_data/exp6/images/comparative_plot_0,0373.png> </home/maniacalm/bin/VQVAE_studies/run_data/exp6/images/loss_vs_ncodes_0,072.png> </home/maniacalm/bin/VQVAE_studies/run_data/exp6/SNR:0.072-Run:1bnvs3o8/output_0.png> </home/maniacalm/bin/VQVAE_studies/run_data/exp6/SNR:0.072-Run:3gc80fuo/output_0.png> </home/maniacalm/bin/VQVAE_studies/run_data/exp6/SNR:0.072-Run:3f0nclfq/output_0.png>] [4 </home/maniacalm/bin/VQVAE_studies/run_data/exp6/images/comparative_plot_0,072.png> </home/maniacalm/bin/VQVAE_studies/run_data/exp6/images/loss_vs_ncodes_0,139.png> </home/maniacalm/bin/VQVAE_studies/run_data/exp6/SNR:0.139-Run:2gub06hx/output_0.png> </home/maniacalm/bin/VQVAE_studies/run_data/exp6/SNR:0.139-Run:2m83jr03/output_0.png> </home/maniacalm/bin/VQVAE_studies/run_data/exp6/SNR:0.139-Run:341c6otc/output_0.png> </home/maniacalm/bin/VQVAE_studies/run_data/exp6/images/comparative_plot_0,139.png>] [5 </home/maniacalm/bin/VQVAE_studies/run_data/exp6/images/loss_vs_ncodes_0,268.png> </home/maniacalm/bin/VQVAE_studies/run_data/exp6/SNR:0.268-Run:38v3u1mo/output_0.png> </home/maniacalm/bin/VQVAE_studies/run_data/exp6/SNR:0.268-Run:3u35ybnr/output_0.png> </home/maniacalm/bin/VQVAE_studies/run_data/exp6/SNR:0.268-Run:1qls8uvd/output_0.png> </home/maniacalm/bin/VQVAE_studies/run_data/exp6/images/comparative_plot_0,268.png> </home/maniacalm/bin/VQVAE_studies/run_data/exp6/images/loss_vs_ncodes_0,518.png>] [6 </home/maniacalm/bin/VQVAE_studies/run_data/exp6/SNR:0.518-Run:ju6hqhlc/output_0.png> </home/maniacalm/bin/VQVAE_studies/run_data/exp6/SNR:0.518-Run:ljtazqrc/output_0.png> </home/maniacalm/bin/VQVAE_studies/run_data/exp6/SNR:0.518-Run:vvom2gxb/output_0.png> </home/maniacalm/bin/VQVAE_studies/run_data/exp6/images/comparative_plot_0,518.png> </home/maniacalm/bin/VQVAE_studies/run_data/exp6/images/loss_vs_ncodes_0,6.png> </home/maniacalm/bin/VQVAE_studies/run_data/exp6/SNR:0.6-Run:brmfj60a/output_0.png> </home/maniacalm/bin/VQVAE_studies/run_data/exp6/SNR:0.6-Run:3r3rmuz4/output_0.png> </home/maniacalm/bin/VQVAE_studies/run_data/exp6/SNR:0.6-Run:b7orqis6/output_0.png>] [7 </home/maniacalm/bin/VQVAE_studies/run_data/exp6/images/comparative_plot_0,6.png> </home/maniacalm/bin/VQVAE_studies/run_data/exp6/images/loss_vs_ncodes_0,7.png> </home/maniacalm/bin/VQVAE_studies/run_data/exp6/SNR:0.7-Run:1hzbn3mv/output_0.png> </home/maniacalm/bin/VQVAE_studies/run_data/exp6/SNR:0.7-Run:1dzklaz3/output_0.png> </home/maniacalm/bin/VQVAE_studies/run_data/exp6/SNR:0.7-Run:dlicwpux/output_0.png> </home/maniacalm/bin/VQVAE_studies/run_data/exp6/images/comparative_plot_0,7.png>] [8 </home/maniacalm/bin/VQVAE_studies/run_data/exp6/images/loss_vs_ncodes_0,8.png> </home/maniacalm/bin/VQVAE_studies/run_data/exp6/SNR:0.8-Run:3nh4nlsd/output_0.png> </home/maniacalm/bin/VQVAE_studies/run_data/exp6/SNR:0.8-Run:2jgpo37r/output_0.png> </home/maniacalm/bin/VQVAE_studies/run_data/exp6/SNR:0.8-Run:2tw32v4e/output_0.png> </home/maniacalm/bin/VQVAE_studies/run_data/exp6/images/comparative_plot_0,8.png> </home/maniacalm/bin/VQVAE_studies/run_data/exp6/images/loss_vs_ncodes_1,0.png>] [9 </home/maniacalm/bin/VQVAE_studies/run_data/exp6/SNR:1.0-Run:18jc00vu/output_0.png> </home/maniacalm/bin/VQVAE_studies/run_data/exp6/SNR:1.0-Run:1xnar24y/output_0.png> </home/maniacalm/bin/VQVAE_studies/run_data/exp6/SNR:1.0-Run:2lwtstg4/output_0.png> </home/maniacalm/bin/VQVAE_studies/run_data/exp6/images/comparative_plot_1,0.png> </home/maniacalm/bin/VQVAE_studies/run_data/exp6/images/loss_vs_ncodes_1,93.png> </home/maniacalm/bin/VQVAE_studies/run_data/exp6/SNR:1.93-Run:hrs5aylg/output_0.png> </home/maniacalm/bin/VQVAE_studies/run_data/exp6/SNR:1.93-Run:3g4o3khm/output_0.png> </home/maniacalm/bin/VQVAE_studies/run_data/exp6/SNR:1.93-Run:1uoufdyo/output_0.png>] [10 </home/maniacalm/bin/VQVAE_studies/run_data/exp6/images/comparative_plot_1,93.png> </home/maniacalm/bin/VQVAE_studies/run_data/exp6/images/loss_vs_ncodes_100,0.png> </home/maniacalm/bin/VQVAE_studies/run_data/exp6/SNR:100.0-Run:1ryjpji3/output_0.png> </home/maniacalm/bin/VQVAE_studies/run_data/exp6/SNR:100.0-Run:38tisbtz/output_0.png> </home/maniacalm/bin/VQVAE_studies/run_data/exp6/SNR:100.0-Run:rme520cc/output_0.png> </home/maniacalm/bin/VQVAE_studies/run_data/exp6/images/comparative_plot_100,0.png>] [11 </home/maniacalm/bin/VQVAE_studies/run_data/exp6/images/loss_vs_ncodes_13,89.png> </home/maniacalm/bin/VQVAE_studies/run_data/exp6/SNR:13.89-Run:18hqgzrt/output_0.png> </home/maniacalm/bin/VQVAE_studies/run_data/exp6/SNR:13.89-Run:22emb6b9/output_0.png> </home/maniacalm/bin/VQVAE_studies/run_data/exp6/SNR:13.89-Run:mg08zlaf/output_0.png> </home/maniacalm/bin/VQVAE_studies/run_data/exp6/images/comparative_plot_13,89.png> </home/maniacalm/bin/VQVAE_studies/run_data/exp6/images/loss_vs_ncodes_26,83.png>] [12 </home/maniacalm/bin/VQVAE_studies/run_data/exp6/SNR:26.83-Run:2mn4p1m0/output_0.png> </home/maniacalm/bin/VQVAE_studies/run_data/exp6/SNR:26.83-Run:34e3aznd/output_0.png> </home/maniacalm/bin/VQVAE_studies/run_data/exp6/SNR:26.83-Run:jqcf4gon/output_0.png> </home/maniacalm/bin/VQVAE_studies/run_data/exp6/images/comparative_plot_26,83.png> </home/maniacalm/bin/VQVAE_studies/run_data/exp6/images/loss_vs_ncodes_3,73.png> </home/maniacalm/bin/VQVAE_studies/run_data/exp6/SNR:3.73-Run:2tmo1uu0/output_0.png> </home/maniacalm/bin/VQVAE_studies/run_data/exp6/SNR:3.73-Run:3pibaxiu/output_0.png> </home/maniacalm/bin/VQVAE_studies/run_data/exp6/SNR:3.73-Run:9w5y87dp/output_0.png>] [13 </home/maniacalm/bin/VQVAE_studies/run_data/exp6/images/comparative_plot_3,73.png> </home/maniacalm/bin/VQVAE_studies/run_data/exp6/images/loss_vs_ncodes_51,79.png> </home/maniacalm/bin/VQVAE_studies/run_data/exp6/SNR:51.79-Run:2euerpw4/output_0.png> </home/maniacalm/bin/VQVAE_studies/run_data/exp6/SNR:51.79-Run:3dhppng0/output_0.png> </home/maniacalm/bin/VQVAE_studies/run_data/exp6/SNR:51.79-Run:tb6gap9h/output_0.png> </home/maniacalm/bin/VQVAE_studies/run_data/exp6/images/comparative_plot_51,79.png>] [14 </home/maniacalm/bin/VQVAE_studies/run_data/exp6/images/loss_vs_ncodes_7,2.png> </home/maniacalm/bin/VQVAE_studies/run_data/exp6/SNR:7.2-Run:6ockxr5c/output_0.png> </home/maniacalm/bin/VQVAE_studies/run_data/exp6/SNR:7.2-Run:2twx0p12/output_0.png> </home/maniacalm/bin/VQVAE_studies/run_data/exp6/SNR:7.2-Run:2pyvnghk/output_0.png> </home/maniacalm/bin/VQVAE_studies/run_data/exp6/images/comparative_plot_7,2.png>] 
enddocument/afterlastpage (AED): lastpage setting LastPage.
(./full.aux)
 ***********
LaTeX2e <2025-11-01>
L3 programming layer <2026-01-19>
 ***********
 ) 
Here is how much of TeX's memory you used:
 4395 strings out of 467535
 123708 string characters out of 5388798
 500259 words of memory out of 5000000
 33297 multiletter control sequences out of 15000+600000
 646465 words of font info for 47 fonts, out of 8000000 for 9000
 1141 hyphenation exceptions out of 8191
 67i,8n,77p,345b,471s stack positions out of 10000i,1000n,20000p,200000b,200000s
</nix/store/gnzyg3c8dsj6zwii6j7whjhbjlimkxmv-texlive-2025-r78234-final-env-texmfdist/fonts/type1/public/lm/lmbx12.pfb></nix/store/gnzyg3c8dsj6zwii6j7whjhbjlimkxmv-texlive-2025-r78234-final-env-texmfdist/fonts/type1/public/lm/lmr10.pfb></nix/store/gnzyg3c8dsj6zwii6j7whjhbjlimkxmv-texlive-2025-r78234-final-env-texmfdist/fonts/type1/public/lm/lmr9.pfb>
Output written on full.pdf (14 pages, 6860642 bytes).
PDF statistics:
 247 PDF objects out of 1000 (max. 8388607)
 44 compressed objects within 1 object stream
 0 named destinations out of 1000 (max. 500000)
 451 words of extra memory for PDF output out of 10000 (max. 10000000)

